[2019-10-10T09:33:33.064-0800][gc,heap] Heap region size: 1M
[2019-10-10T09:33:33.069-0800][gc     ] Using G1
[2019-10-10T09:33:33.069-0800][gc,heap,coops] Heap address: 0x00000007e0000000, size: 512 MB, Compressed Oops mode: Zero based, Oop shift amount: 3
[2019-10-10T09:33:33.070-0800][gc,cds       ] Mark closed archive regions in map: [0x00000007fff00000, 0x00000007fff76ff8]
[2019-10-10T09:33:33.070-0800][gc,cds       ] Mark open archive regions in map: [0x00000007ffe00000, 0x00000007ffe46ff8]
[2019-10-10T09:33:33.087-0800][gc           ] Periodic GC disabled
[2019-10-10T09:33:34.775-0800][gc,start     ] GC(0) Pause Young (Normal) (G1 Evacuation Pause)
[2019-10-10T09:33:34.776-0800][gc,task      ] GC(0) Using 8 workers of 8 for evacuation
[2019-10-10T09:33:34.786-0800][gc,phases    ] GC(0)   Pre Evacuate Collection Set: 0.0ms
[2019-10-10T09:33:34.786-0800][gc,phases    ] GC(0)   Evacuate Collection Set: 9.4ms
[2019-10-10T09:33:34.786-0800][gc,phases    ] GC(0)   Post Evacuate Collection Set: 0.9ms
[2019-10-10T09:33:34.786-0800][gc,phases    ] GC(0)   Other: 0.8ms
[2019-10-10T09:33:34.786-0800][gc,heap      ] GC(0) Eden regions: 256->0(249)
[2019-10-10T09:33:34.786-0800][gc,heap      ] GC(0) Survivor regions: 0->7(32)
[2019-10-10T09:33:34.786-0800][gc,heap      ] GC(0) Old regions: 0->0
[2019-10-10T09:33:34.786-0800][gc,heap      ] GC(0) Archive regions: 2->2
[2019-10-10T09:33:34.786-0800][gc,heap      ] GC(0) Humongous regions: 0->0
[2019-10-10T09:33:34.786-0800][gc,metaspace ] GC(0) Metaspace: 17140K->17140K(1064960K)
[2019-10-10T09:33:34.786-0800][gc           ] GC(0) Pause Young (Normal) (G1 Evacuation Pause) 256M->6M(512M) 11.004ms
[2019-10-10T09:33:34.786-0800][gc,cpu       ] GC(0) User=0.04s Sys=0.01s Real=0.01s
[2019-10-10T09:33:35.063-0800][gc,start     ] GC(1) Pause Young (Concurrent Start) (Metadata GC Threshold)
[2019-10-10T09:33:35.063-0800][gc,task      ] GC(1) Using 8 workers of 8 for evacuation
[2019-10-10T09:33:35.071-0800][gc,phases    ] GC(1)   Pre Evacuate Collection Set: 0.0ms
[2019-10-10T09:33:35.071-0800][gc,phases    ] GC(1)   Evacuate Collection Set: 7.2ms
[2019-10-10T09:33:35.071-0800][gc,phases    ] GC(1)   Post Evacuate Collection Set: 0.4ms
[2019-10-10T09:33:35.071-0800][gc,phases    ] GC(1)   Other: 0.2ms
[2019-10-10T09:33:35.071-0800][gc,heap      ] GC(1) Eden regions: 58->0(248)
[2019-10-10T09:33:35.071-0800][gc,heap      ] GC(1) Survivor regions: 7->8(32)
[2019-10-10T09:33:35.071-0800][gc,heap      ] GC(1) Old regions: 0->0
[2019-10-10T09:33:35.071-0800][gc,heap      ] GC(1) Archive regions: 2->2
[2019-10-10T09:33:35.071-0800][gc,heap      ] GC(1) Humongous regions: 0->0
[2019-10-10T09:33:35.071-0800][gc,metaspace ] GC(1) Metaspace: 20588K->20588K(1067008K)
[2019-10-10T09:33:35.071-0800][gc           ] GC(1) Pause Young (Concurrent Start) (Metadata GC Threshold) 64M->8M(512M) 8.049ms
[2019-10-10T09:33:35.071-0800][gc,cpu       ] GC(1) User=0.03s Sys=0.00s Real=0.01s
[2019-10-10T09:33:35.071-0800][gc           ] GC(2) Concurrent Cycle
[2019-10-10T09:33:35.071-0800][gc,marking   ] GC(2) Concurrent Clear Claimed Marks
[2019-10-10T09:33:35.071-0800][gc,marking   ] GC(2) Concurrent Clear Claimed Marks 0.040ms
[2019-10-10T09:33:35.071-0800][gc,marking   ] GC(2) Concurrent Scan Root Regions
[2019-10-10T09:33:35.074-0800][gc,marking   ] GC(2) Concurrent Scan Root Regions 2.957ms
[2019-10-10T09:33:35.074-0800][gc,marking   ] GC(2) Concurrent Mark (2.017s)
[2019-10-10T09:33:35.074-0800][gc,marking   ] GC(2) Concurrent Mark From Roots
[2019-10-10T09:33:35.074-0800][gc,task      ] GC(2) Using 2 workers of 2 for marking
[2019-10-10T09:33:35.075-0800][gc,marking   ] GC(2) Concurrent Mark From Roots 1.020ms
[2019-10-10T09:33:35.076-0800][gc,marking   ] GC(2) Concurrent Preclean
[2019-10-10T09:33:35.076-0800][gc,marking   ] GC(2) Concurrent Preclean 0.029ms
[2019-10-10T09:33:35.076-0800][gc,marking   ] GC(2) Concurrent Mark (2.017s, 2.018s) 1.122ms
[2019-10-10T09:33:35.076-0800][gc,start     ] GC(2) Pause Remark
[2019-10-10T09:33:35.077-0800][gc           ] GC(2) Pause Remark 8M->8M(512M) 1.016ms
[2019-10-10T09:33:35.077-0800][gc,cpu       ] GC(2) User=0.01s Sys=0.00s Real=0.00s
[2019-10-10T09:33:35.077-0800][gc,marking   ] GC(2) Concurrent Rebuild Remembered Sets
[2019-10-10T09:33:35.077-0800][gc,marking   ] GC(2) Concurrent Rebuild Remembered Sets 0.469ms
[2019-10-10T09:33:35.078-0800][gc,start     ] GC(2) Pause Cleanup
[2019-10-10T09:33:35.078-0800][gc           ] GC(2) Pause Cleanup 8M->8M(512M) 0.120ms
[2019-10-10T09:33:35.078-0800][gc,cpu       ] GC(2) User=0.00s Sys=0.00s Real=0.00s
[2019-10-10T09:33:35.078-0800][gc,marking   ] GC(2) Concurrent Cleanup for Next Mark
[2019-10-10T09:33:35.081-0800][gc,marking   ] GC(2) Concurrent Cleanup for Next Mark 2.809ms
[2019-10-10T09:33:35.081-0800][gc           ] GC(2) Concurrent Cycle 9.515ms
[2019-10-10T09:33:36.156-0800][gc,start     ] GC(3) Pause Young (Normal) (G1 Evacuation Pause)
[2019-10-10T09:33:36.157-0800][gc,task      ] GC(3) Using 8 workers of 8 for evacuation
[2019-10-10T09:33:36.168-0800][gc,phases    ] GC(3)   Pre Evacuate Collection Set: 0.0ms
[2019-10-10T09:33:36.168-0800][gc,phases    ] GC(3)   Evacuate Collection Set: 10.7ms
[2019-10-10T09:33:36.169-0800][gc,phases    ] GC(3)   Post Evacuate Collection Set: 1.1ms
[2019-10-10T09:33:36.169-0800][gc,phases    ] GC(3)   Other: 0.2ms
[2019-10-10T09:33:36.169-0800][gc,heap      ] GC(3) Eden regions: 248->0(243)
[2019-10-10T09:33:36.169-0800][gc,heap      ] GC(3) Survivor regions: 8->13(32)
[2019-10-10T09:33:36.169-0800][gc,heap      ] GC(3) Old regions: 0->0
[2019-10-10T09:33:36.169-0800][gc,heap      ] GC(3) Archive regions: 2->2
[2019-10-10T09:33:36.169-0800][gc,heap      ] GC(3) Humongous regions: 0->0
[2019-10-10T09:33:36.169-0800][gc,metaspace ] GC(3) Metaspace: 25157K->25157K(1071104K)
[2019-10-10T09:33:36.169-0800][gc           ] GC(3) Pause Young (Normal) (G1 Evacuation Pause) 256M->13M(512M) 12.120ms
[2019-10-10T09:33:36.169-0800][gc,cpu       ] GC(3) User=0.08s Sys=0.01s Real=0.01s
[2019-10-10T09:33:37.465-0800][gc,start     ] GC(4) Pause Young (Concurrent Start) (Metadata GC Threshold)
[2019-10-10T09:33:37.465-0800][gc,task      ] GC(4) Using 8 workers of 8 for evacuation
[2019-10-10T09:33:37.489-0800][gc,phases    ] GC(4)   Pre Evacuate Collection Set: 0.1ms
[2019-10-10T09:33:37.489-0800][gc,phases    ] GC(4)   Evacuate Collection Set: 22.1ms
[2019-10-10T09:33:37.489-0800][gc,phases    ] GC(4)   Post Evacuate Collection Set: 1.5ms
[2019-10-10T09:33:37.489-0800][gc,phases    ] GC(4)   Other: 0.2ms
[2019-10-10T09:33:37.489-0800][gc,heap      ] GC(4) Eden regions: 156->0(235)
[2019-10-10T09:33:37.489-0800][gc,heap      ] GC(4) Survivor regions: 13->21(32)
[2019-10-10T09:33:37.489-0800][gc,heap      ] GC(4) Old regions: 0->0
[2019-10-10T09:33:37.489-0800][gc,heap      ] GC(4) Archive regions: 2->2
[2019-10-10T09:33:37.489-0800][gc,heap      ] GC(4) Humongous regions: 0->0
[2019-10-10T09:33:37.489-0800][gc,metaspace ] GC(4) Metaspace: 34818K->34818K(1081344K)
[2019-10-10T09:33:37.489-0800][gc           ] GC(4) Pause Young (Concurrent Start) (Metadata GC Threshold) 169M->21M(512M) 23.977ms
[2019-10-10T09:33:37.489-0800][gc,cpu       ] GC(4) User=0.09s Sys=0.00s Real=0.02s
[2019-10-10T09:33:37.489-0800][gc           ] GC(5) Concurrent Cycle
[2019-10-10T09:33:37.489-0800][gc,marking   ] GC(5) Concurrent Clear Claimed Marks
[2019-10-10T09:33:37.489-0800][gc,marking   ] GC(5) Concurrent Clear Claimed Marks 0.072ms
[2019-10-10T09:33:37.489-0800][gc,marking   ] GC(5) Concurrent Scan Root Regions
[2019-10-10T09:33:37.498-0800][gc,marking   ] GC(5) Concurrent Scan Root Regions 8.489ms
[2019-10-10T09:33:37.498-0800][gc,marking   ] GC(5) Concurrent Mark (4.441s)
[2019-10-10T09:33:37.498-0800][gc,marking   ] GC(5) Concurrent Mark From Roots
[2019-10-10T09:33:37.498-0800][gc,task      ] GC(5) Using 2 workers of 2 for marking
[2019-10-10T09:33:37.499-0800][gc,marking   ] GC(5) Concurrent Mark From Roots 0.886ms
[2019-10-10T09:33:37.499-0800][gc,marking   ] GC(5) Concurrent Preclean
[2019-10-10T09:33:37.499-0800][gc,marking   ] GC(5) Concurrent Preclean 0.023ms
[2019-10-10T09:33:37.499-0800][gc,marking   ] GC(5) Concurrent Mark (4.441s, 4.441s) 0.940ms
[2019-10-10T09:33:37.499-0800][gc,start     ] GC(5) Pause Remark
[2019-10-10T09:33:37.501-0800][gc           ] GC(5) Pause Remark 23M->23M(512M) 2.009ms
[2019-10-10T09:33:37.501-0800][gc,cpu       ] GC(5) User=0.01s Sys=0.00s Real=0.01s
[2019-10-10T09:33:37.501-0800][gc,marking   ] GC(5) Concurrent Rebuild Remembered Sets
[2019-10-10T09:33:37.501-0800][gc,marking   ] GC(5) Concurrent Rebuild Remembered Sets 0.445ms
[2019-10-10T09:33:37.502-0800][gc,start     ] GC(5) Pause Cleanup
[2019-10-10T09:33:37.502-0800][gc           ] GC(5) Pause Cleanup 23M->23M(512M) 0.091ms
[2019-10-10T09:33:37.502-0800][gc,cpu       ] GC(5) User=0.00s Sys=0.00s Real=0.00s
[2019-10-10T09:33:37.502-0800][gc,marking   ] GC(5) Concurrent Cleanup for Next Mark
[2019-10-10T09:33:37.505-0800][gc,marking   ] GC(5) Concurrent Cleanup for Next Mark 2.952ms
[2019-10-10T09:33:37.505-0800][gc           ] GC(5) Concurrent Cycle 15.840ms
[2019-10-10T09:33:39.897-0800][gc,start     ] GC(6) Pause Young (Normal) (G1 Evacuation Pause)
[2019-10-10T09:33:39.897-0800][gc,task      ] GC(6) Using 8 workers of 8 for evacuation
[2019-10-10T09:33:39.935-0800][gc,phases    ] GC(6)   Pre Evacuate Collection Set: 0.0ms
[2019-10-10T09:33:39.935-0800][gc,phases    ] GC(6)   Evacuate Collection Set: 35.6ms
[2019-10-10T09:33:39.935-0800][gc,phases    ] GC(6)   Post Evacuate Collection Set: 2.3ms
[2019-10-10T09:33:39.935-0800][gc,phases    ] GC(6)   Other: 0.3ms
[2019-10-10T09:33:39.935-0800][gc,heap      ] GC(6) Eden regions: 235->0(231)
[2019-10-10T09:33:39.935-0800][gc,heap      ] GC(6) Survivor regions: 21->25(32)
[2019-10-10T09:33:39.936-0800][gc,heap      ] GC(6) Old regions: 0->6
[2019-10-10T09:33:39.936-0800][gc,heap      ] GC(6) Archive regions: 2->2
[2019-10-10T09:33:39.936-0800][gc,heap      ] GC(6) Humongous regions: 0->0
[2019-10-10T09:33:39.936-0800][gc,metaspace ] GC(6) Metaspace: 52275K->52275K(1095680K)
[2019-10-10T09:33:39.936-0800][gc           ] GC(6) Pause Young (Normal) (G1 Evacuation Pause) 256M->30M(512M) 38.456ms
[2019-10-10T09:33:39.936-0800][gc,cpu       ] GC(6) User=0.13s Sys=0.01s Real=0.04s
[2019-10-10T09:33:41.496-0800][gc,start     ] GC(7) Pause Young (Concurrent Start) (Metadata GC Threshold)
[2019-10-10T09:33:41.496-0800][gc,task      ] GC(7) Using 8 workers of 8 for evacuation
[2019-10-10T09:33:41.521-0800][gc,phases    ] GC(7)   Pre Evacuate Collection Set: 0.2ms
[2019-10-10T09:33:41.521-0800][gc,phases    ] GC(7)   Evacuate Collection Set: 23.5ms
[2019-10-10T09:33:41.521-0800][gc,phases    ] GC(7)   Post Evacuate Collection Set: 1.3ms
[2019-10-10T09:33:41.521-0800][gc,phases    ] GC(7)   Other: 0.3ms
[2019-10-10T09:33:41.521-0800][gc,heap      ] GC(7) Eden regions: 133->0(240)
[2019-10-10T09:33:41.521-0800][gc,heap      ] GC(7) Survivor regions: 25->16(32)
[2019-10-10T09:33:41.521-0800][gc,heap      ] GC(7) Old regions: 6->20
[2019-10-10T09:33:41.521-0800][gc,heap      ] GC(7) Archive regions: 2->2
[2019-10-10T09:33:41.521-0800][gc,heap      ] GC(7) Humongous regions: 0->0
[2019-10-10T09:33:41.521-0800][gc,metaspace ] GC(7) Metaspace: 58506K->58506K(1101824K)
[2019-10-10T09:33:41.521-0800][gc           ] GC(7) Pause Young (Concurrent Start) (Metadata GC Threshold) 163M->36M(512M) 25.463ms
[2019-10-10T09:33:41.521-0800][gc,cpu       ] GC(7) User=0.09s Sys=0.01s Real=0.03s
[2019-10-10T09:33:41.522-0800][gc           ] GC(8) Concurrent Cycle
[2019-10-10T09:33:41.522-0800][gc,marking   ] GC(8) Concurrent Clear Claimed Marks
[2019-10-10T09:33:41.522-0800][gc,marking   ] GC(8) Concurrent Clear Claimed Marks 0.171ms
[2019-10-10T09:33:41.522-0800][gc,marking   ] GC(8) Concurrent Scan Root Regions
[2019-10-10T09:33:41.538-0800][gc,marking   ] GC(8) Concurrent Scan Root Regions 15.873ms
[2019-10-10T09:33:41.538-0800][gc,marking   ] GC(8) Concurrent Mark (8.481s)
[2019-10-10T09:33:41.538-0800][gc,marking   ] GC(8) Concurrent Mark From Roots
[2019-10-10T09:33:41.538-0800][gc,task      ] GC(8) Using 2 workers of 2 for marking
[2019-10-10T09:33:41.547-0800][gc,marking   ] GC(8) Concurrent Mark From Roots 9.116ms
[2019-10-10T09:33:41.547-0800][gc,marking   ] GC(8) Concurrent Preclean
[2019-10-10T09:33:41.547-0800][gc,marking   ] GC(8) Concurrent Preclean 0.102ms
[2019-10-10T09:33:41.547-0800][gc,marking   ] GC(8) Concurrent Mark (8.481s, 8.490s) 9.320ms
[2019-10-10T09:33:41.547-0800][gc,start     ] GC(8) Pause Remark
[2019-10-10T09:33:41.552-0800][gc           ] GC(8) Pause Remark 38M->38M(512M) 4.528ms
[2019-10-10T09:33:41.552-0800][gc,cpu       ] GC(8) User=0.03s Sys=0.00s Real=0.01s
[2019-10-10T09:33:41.562-0800][gc,marking   ] GC(8) Concurrent Rebuild Remembered Sets
[2019-10-10T09:33:41.577-0800][gc,marking   ] GC(8) Concurrent Rebuild Remembered Sets 14.645ms
[2019-10-10T09:33:41.578-0800][gc,start     ] GC(8) Pause Cleanup
[2019-10-10T09:33:41.578-0800][gc           ] GC(8) Pause Cleanup 40M->40M(512M) 0.125ms
[2019-10-10T09:33:41.578-0800][gc,cpu       ] GC(8) User=0.00s Sys=0.00s Real=0.00s
[2019-10-10T09:33:41.578-0800][gc,marking   ] GC(8) Concurrent Cleanup for Next Mark
[2019-10-10T09:33:41.579-0800][gc,marking   ] GC(8) Concurrent Cleanup for Next Mark 0.911ms
[2019-10-10T09:33:41.579-0800][gc           ] GC(8) Concurrent Cycle 57.262ms
[2019-10-10T09:53:40.656-0800][gc,start     ] GC(9) Pause Young (Normal) (G1 Evacuation Pause)
[2019-10-10T09:53:40.657-0800][gc,task      ] GC(9) Using 8 workers of 8 for evacuation
[2019-10-10T09:53:40.708-0800][gc,phases    ] GC(9)   Pre Evacuate Collection Set: 0.0ms
[2019-10-10T09:53:40.708-0800][gc,phases    ] GC(9)   Evacuate Collection Set: 49.3ms
[2019-10-10T09:53:40.708-0800][gc,phases    ] GC(9)   Post Evacuate Collection Set: 1.5ms
[2019-10-10T09:53:40.708-0800][gc,phases    ] GC(9)   Other: 1.3ms
[2019-10-10T09:53:40.708-0800][gc,heap      ] GC(9) Eden regions: 240->0(240)
[2019-10-10T09:53:40.708-0800][gc,heap      ] GC(9) Survivor regions: 16->16(32)
[2019-10-10T09:53:40.708-0800][gc,heap      ] GC(9) Old regions: 20->20
[2019-10-10T09:53:40.708-0800][gc,heap      ] GC(9) Archive regions: 2->2
[2019-10-10T09:53:40.708-0800][gc,heap      ] GC(9) Humongous regions: 6->6
[2019-10-10T09:53:40.708-0800][gc,metaspace ] GC(9) Metaspace: 65131K->65131K(1107968K)
[2019-10-10T09:53:40.708-0800][gc           ] GC(9) Pause Young (Normal) (G1 Evacuation Pause) 282M->42M(512M) 52.185ms
[2019-10-10T09:53:40.708-0800][gc,cpu       ] GC(9) User=0.09s Sys=0.15s Real=0.05s
[2019-10-10T10:21:59.654-0800][gc,start     ] GC(10) Pause Young (Normal) (G1 Evacuation Pause)
[2019-10-10T10:21:59.654-0800][gc,task      ] GC(10) Using 8 workers of 8 for evacuation
[2019-10-10T10:21:59.665-0800][gc,phases    ] GC(10)   Pre Evacuate Collection Set: 0.0ms
[2019-10-10T10:21:59.665-0800][gc,phases    ] GC(10)   Evacuate Collection Set: 8.4ms
[2019-10-10T10:21:59.665-0800][gc,phases    ] GC(10)   Post Evacuate Collection Set: 1.6ms
[2019-10-10T10:21:59.665-0800][gc,phases    ] GC(10)   Other: 0.6ms
[2019-10-10T10:21:59.665-0800][gc,heap      ] GC(10) Eden regions: 240->0(240)
[2019-10-10T10:21:59.665-0800][gc,heap      ] GC(10) Survivor regions: 16->16(32)
[2019-10-10T10:21:59.665-0800][gc,heap      ] GC(10) Old regions: 20->20
[2019-10-10T10:21:59.665-0800][gc,heap      ] GC(10) Archive regions: 2->2
[2019-10-10T10:21:59.665-0800][gc,heap      ] GC(10) Humongous regions: 6->6
[2019-10-10T10:21:59.665-0800][gc,metaspace ] GC(10) Metaspace: 65600K->65600K(1107968K)
[2019-10-10T10:21:59.665-0800][gc           ] GC(10) Pause Young (Normal) (G1 Evacuation Pause) 282M->41M(512M) 10.937ms
[2019-10-10T10:21:59.665-0800][gc,cpu       ] GC(10) User=0.06s Sys=0.01s Real=0.01s
[2019-10-10T10:50:37.428-0800][gc,start     ] GC(11) Pause Young (Normal) (G1 Evacuation Pause)
[2019-10-10T10:50:37.428-0800][gc,task      ] GC(11) Using 8 workers of 8 for evacuation
[2019-10-10T10:50:37.440-0800][gc,phases    ] GC(11)   Pre Evacuate Collection Set: 0.0ms
[2019-10-10T10:50:37.440-0800][gc,phases    ] GC(11)   Evacuate Collection Set: 10.0ms
[2019-10-10T10:50:37.440-0800][gc,phases    ] GC(11)   Post Evacuate Collection Set: 1.3ms
[2019-10-10T10:50:37.440-0800][gc,phases    ] GC(11)   Other: 0.8ms
[2019-10-10T10:50:37.440-0800][gc,heap      ] GC(11) Eden regions: 240->0(241)
[2019-10-10T10:50:37.440-0800][gc,heap      ] GC(11) Survivor regions: 16->15(32)
[2019-10-10T10:50:37.440-0800][gc,heap      ] GC(11) Old regions: 20->20
[2019-10-10T10:50:37.440-0800][gc,heap      ] GC(11) Archive regions: 2->2
[2019-10-10T10:50:37.440-0800][gc,heap      ] GC(11) Humongous regions: 6->6
[2019-10-10T10:50:37.440-0800][gc,metaspace ] GC(11) Metaspace: 65739K->65739K(1107968K)
[2019-10-10T10:50:37.440-0800][gc           ] GC(11) Pause Young (Normal) (G1 Evacuation Pause) 281M->41M(512M) 12.321ms
[2019-10-10T10:50:37.440-0800][gc,cpu       ] GC(11) User=0.07s Sys=0.00s Real=0.02s
[2019-10-10T11:19:00.017-0800][gc,start     ] GC(12) Pause Young (Normal) (G1 Evacuation Pause)
[2019-10-10T11:19:00.017-0800][gc,task      ] GC(12) Using 8 workers of 8 for evacuation
[2019-10-10T11:19:00.032-0800][gc,phases    ] GC(12)   Pre Evacuate Collection Set: 0.0ms
[2019-10-10T11:19:00.032-0800][gc,phases    ] GC(12)   Evacuate Collection Set: 11.9ms
[2019-10-10T11:19:00.032-0800][gc,phases    ] GC(12)   Post Evacuate Collection Set: 1.8ms
[2019-10-10T11:19:00.032-0800][gc,phases    ] GC(12)   Other: 0.7ms
[2019-10-10T11:19:00.032-0800][gc,heap      ] GC(12) Eden regions: 241->0(240)
[2019-10-10T11:19:00.032-0800][gc,heap      ] GC(12) Survivor regions: 15->16(32)
[2019-10-10T11:19:00.032-0800][gc,heap      ] GC(12) Old regions: 20->20
[2019-10-10T11:19:00.032-0800][gc,heap      ] GC(12) Archive regions: 2->2
[2019-10-10T11:19:00.032-0800][gc,heap      ] GC(12) Humongous regions: 6->6
[2019-10-10T11:19:00.032-0800][gc,metaspace ] GC(12) Metaspace: 65795K->65795K(1107968K)
[2019-10-10T11:19:00.032-0800][gc           ] GC(12) Pause Young (Normal) (G1 Evacuation Pause) 282M->41M(512M) 14.666ms
[2019-10-10T11:19:00.032-0800][gc,cpu       ] GC(12) User=0.06s Sys=0.00s Real=0.02s
[2019-10-10T11:48:05.572-0800][gc,start     ] GC(13) Pause Young (Normal) (G1 Evacuation Pause)
[2019-10-10T11:48:05.573-0800][gc,task      ] GC(13) Using 8 workers of 8 for evacuation
[2019-10-10T11:48:05.582-0800][gc,phases    ] GC(13)   Pre Evacuate Collection Set: 0.0ms
[2019-10-10T11:48:05.582-0800][gc,phases    ] GC(13)   Evacuate Collection Set: 8.6ms
[2019-10-10T11:48:05.582-0800][gc,phases    ] GC(13)   Post Evacuate Collection Set: 1.0ms
[2019-10-10T11:48:05.582-0800][gc,phases    ] GC(13)   Other: 0.5ms
[2019-10-10T11:48:05.583-0800][gc,heap      ] GC(13) Eden regions: 240->0(240)
[2019-10-10T11:48:05.583-0800][gc,heap      ] GC(13) Survivor regions: 16->16(32)
[2019-10-10T11:48:05.583-0800][gc,heap      ] GC(13) Old regions: 20->20
[2019-10-10T11:48:05.583-0800][gc,heap      ] GC(13) Archive regions: 2->2
[2019-10-10T11:48:05.583-0800][gc,heap      ] GC(13) Humongous regions: 6->6
[2019-10-10T11:48:05.583-0800][gc,metaspace ] GC(13) Metaspace: 65814K->65814K(1107968K)
[2019-10-10T11:48:05.583-0800][gc           ] GC(13) Pause Young (Normal) (G1 Evacuation Pause) 281M->42M(512M) 10.312ms
[2019-10-10T11:48:05.583-0800][gc,cpu       ] GC(13) User=0.06s Sys=0.00s Real=0.01s
[2019-10-10T12:16:55.175-0800][gc,start     ] GC(14) Pause Young (Normal) (G1 Evacuation Pause)
[2019-10-10T12:16:55.176-0800][gc,task      ] GC(14) Using 8 workers of 8 for evacuation
[2019-10-10T12:16:55.187-0800][gc,phases    ] GC(14)   Pre Evacuate Collection Set: 0.0ms
[2019-10-10T12:16:55.187-0800][gc,phases    ] GC(14)   Evacuate Collection Set: 9.4ms
[2019-10-10T12:16:55.187-0800][gc,phases    ] GC(14)   Post Evacuate Collection Set: 1.1ms
[2019-10-10T12:16:55.187-0800][gc,phases    ] GC(14)   Other: 1.0ms
[2019-10-10T12:16:55.187-0800][gc,heap      ] GC(14) Eden regions: 240->0(240)
[2019-10-10T12:16:55.187-0800][gc,heap      ] GC(14) Survivor regions: 16->16(32)
[2019-10-10T12:16:55.187-0800][gc,heap      ] GC(14) Old regions: 20->20
[2019-10-10T12:16:55.187-0800][gc,heap      ] GC(14) Archive regions: 2->2
[2019-10-10T12:16:55.187-0800][gc,heap      ] GC(14) Humongous regions: 6->6
[2019-10-10T12:16:55.187-0800][gc,metaspace ] GC(14) Metaspace: 65828K->65828K(1107968K)
[2019-10-10T12:16:55.187-0800][gc           ] GC(14) Pause Young (Normal) (G1 Evacuation Pause) 282M->41M(512M) 11.665ms
[2019-10-10T12:16:55.187-0800][gc,cpu       ] GC(14) User=0.07s Sys=0.01s Real=0.01s
[2019-10-10T12:46:00.487-0800][gc,start     ] GC(15) Pause Young (Normal) (G1 Evacuation Pause)
[2019-10-10T12:46:00.487-0800][gc,task      ] GC(15) Using 8 workers of 8 for evacuation
[2019-10-10T12:46:00.536-0800][gc,phases    ] GC(15)   Pre Evacuate Collection Set: 0.0ms
[2019-10-10T12:46:00.536-0800][gc,phases    ] GC(15)   Evacuate Collection Set: 46.4ms
[2019-10-10T12:46:00.536-0800][gc,phases    ] GC(15)   Post Evacuate Collection Set: 1.1ms
[2019-10-10T12:46:00.536-0800][gc,phases    ] GC(15)   Other: 1.3ms
[2019-10-10T12:46:00.536-0800][gc,heap      ] GC(15) Eden regions: 240->0(240)
[2019-10-10T12:46:00.536-0800][gc,heap      ] GC(15) Survivor regions: 16->16(32)
[2019-10-10T12:46:00.536-0800][gc,heap      ] GC(15) Old regions: 20->20
[2019-10-10T12:46:00.536-0800][gc,heap      ] GC(15) Archive regions: 2->2
[2019-10-10T12:46:00.536-0800][gc,heap      ] GC(15) Humongous regions: 8->8
[2019-10-10T12:46:00.536-0800][gc,metaspace ] GC(15) Metaspace: 65844K->65844K(1107968K)
[2019-10-10T12:46:00.536-0800][gc           ] GC(15) Pause Young (Normal) (G1 Evacuation Pause) 283M->44M(512M) 48.922ms
[2019-10-10T12:46:00.536-0800][gc,cpu       ] GC(15) User=0.09s Sys=0.17s Real=0.05s
[2019-10-10T13:15:16.878-0800][gc,start     ] GC(16) Pause Young (Normal) (G1 Evacuation Pause)
[2019-10-10T13:15:16.879-0800][gc,task      ] GC(16) Using 8 workers of 8 for evacuation
[2019-10-10T13:15:16.890-0800][gc,phases    ] GC(16)   Pre Evacuate Collection Set: 0.0ms
[2019-10-10T13:15:16.890-0800][gc,phases    ] GC(16)   Evacuate Collection Set: 9.9ms
[2019-10-10T13:15:16.890-0800][gc,phases    ] GC(16)   Post Evacuate Collection Set: 1.1ms
[2019-10-10T13:15:16.890-0800][gc,phases    ] GC(16)   Other: 0.7ms
[2019-10-10T13:15:16.890-0800][gc,heap      ] GC(16) Eden regions: 240->0(240)
[2019-10-10T13:15:16.890-0800][gc,heap      ] GC(16) Survivor regions: 16->16(32)
[2019-10-10T13:15:16.890-0800][gc,heap      ] GC(16) Old regions: 20->20
[2019-10-10T13:15:16.890-0800][gc,heap      ] GC(16) Archive regions: 2->2
[2019-10-10T13:15:16.890-0800][gc,heap      ] GC(16) Humongous regions: 8->8
[2019-10-10T13:15:16.890-0800][gc,metaspace ] GC(16) Metaspace: 65851K->65851K(1107968K)
[2019-10-10T13:15:16.890-0800][gc           ] GC(16) Pause Young (Normal) (G1 Evacuation Pause) 284M->44M(512M) 11.911ms
[2019-10-10T13:15:16.890-0800][gc,cpu       ] GC(16) User=0.08s Sys=0.00s Real=0.02s
[2019-10-10T13:44:24.268-0800][gc,start     ] GC(17) Pause Young (Normal) (G1 Evacuation Pause)
[2019-10-10T13:44:24.269-0800][gc,task      ] GC(17) Using 8 workers of 8 for evacuation
[2019-10-10T13:44:24.280-0800][gc,phases    ] GC(17)   Pre Evacuate Collection Set: 0.0ms
[2019-10-10T13:44:24.280-0800][gc,phases    ] GC(17)   Evacuate Collection Set: 9.7ms
[2019-10-10T13:44:24.280-0800][gc,phases    ] GC(17)   Post Evacuate Collection Set: 1.1ms
[2019-10-10T13:44:24.280-0800][gc,phases    ] GC(17)   Other: 0.7ms
[2019-10-10T13:44:24.280-0800][gc,heap      ] GC(17) Eden regions: 240->0(241)
[2019-10-10T13:44:24.280-0800][gc,heap      ] GC(17) Survivor regions: 16->15(32)
[2019-10-10T13:44:24.280-0800][gc,heap      ] GC(17) Old regions: 20->20
[2019-10-10T13:44:24.280-0800][gc,heap      ] GC(17) Archive regions: 2->2
[2019-10-10T13:44:24.280-0800][gc,heap      ] GC(17) Humongous regions: 10->10
[2019-10-10T13:44:24.280-0800][gc,metaspace ] GC(17) Metaspace: 65860K->65860K(1107968K)
[2019-10-10T13:44:24.280-0800][gc           ] GC(17) Pause Young (Normal) (G1 Evacuation Pause) 286M->45M(512M) 11.621ms
[2019-10-10T13:44:24.280-0800][gc,cpu       ] GC(17) User=0.08s Sys=0.00s Real=0.02s
[2019-10-10T14:15:08.362-0800][gc,start     ] GC(18) Pause Young (Normal) (G1 Evacuation Pause)
[2019-10-10T14:15:08.362-0800][gc,task      ] GC(18) Using 8 workers of 8 for evacuation
[2019-10-10T14:15:08.403-0800][gc,phases    ] GC(18)   Pre Evacuate Collection Set: 0.0ms
[2019-10-10T14:15:08.403-0800][gc,phases    ] GC(18)   Evacuate Collection Set: 37.9ms
[2019-10-10T14:15:08.403-0800][gc,phases    ] GC(18)   Post Evacuate Collection Set: 2.1ms
[2019-10-10T14:15:08.403-0800][gc,phases    ] GC(18)   Other: 1.2ms
[2019-10-10T14:15:08.403-0800][gc,heap      ] GC(18) Eden regions: 241->0(240)
[2019-10-10T14:15:08.403-0800][gc,heap      ] GC(18) Survivor regions: 15->16(32)
[2019-10-10T14:15:08.403-0800][gc,heap      ] GC(18) Old regions: 20->20
[2019-10-10T14:15:08.403-0800][gc,heap      ] GC(18) Archive regions: 2->2
[2019-10-10T14:15:08.403-0800][gc,heap      ] GC(18) Humongous regions: 10->10
[2019-10-10T14:15:08.403-0800][gc,metaspace ] GC(18) Metaspace: 65878K->65878K(1110016K)
[2019-10-10T14:15:08.403-0800][gc           ] GC(18) Pause Young (Normal) (G1 Evacuation Pause) 286M->46M(512M) 41.304ms
[2019-10-10T14:15:08.403-0800][gc,cpu       ] GC(18) User=0.08s Sys=0.14s Real=0.04s
[2019-10-10T14:44:10.395-0800][gc,start     ] GC(19) Pause Young (Normal) (G1 Evacuation Pause)
[2019-10-10T14:44:10.395-0800][gc,task      ] GC(19) Using 8 workers of 8 for evacuation
[2019-10-10T14:44:10.408-0800][gc,phases    ] GC(19)   Pre Evacuate Collection Set: 0.0ms
[2019-10-10T14:44:10.408-0800][gc,phases    ] GC(19)   Evacuate Collection Set: 11.0ms
[2019-10-10T14:44:10.408-0800][gc,phases    ] GC(19)   Post Evacuate Collection Set: 1.2ms
[2019-10-10T14:44:10.408-0800][gc,phases    ] GC(19)   Other: 0.3ms
[2019-10-10T14:44:10.408-0800][gc,heap      ] GC(19) Eden regions: 240->0(240)
[2019-10-10T14:44:10.408-0800][gc,heap      ] GC(19) Survivor regions: 16->16(32)
[2019-10-10T14:44:10.408-0800][gc,heap      ] GC(19) Old regions: 20->20
[2019-10-10T14:44:10.408-0800][gc,heap      ] GC(19) Archive regions: 2->2
[2019-10-10T14:44:10.408-0800][gc,heap      ] GC(19) Humongous regions: 10->10
[2019-10-10T14:44:10.408-0800][gc,metaspace ] GC(19) Metaspace: 65889K->65889K(1110016K)
[2019-10-10T14:44:10.408-0800][gc           ] GC(19) Pause Young (Normal) (G1 Evacuation Pause) 286M->46M(512M) 12.655ms
[2019-10-10T14:44:10.408-0800][gc,cpu       ] GC(19) User=0.06s Sys=0.01s Real=0.01s
[2019-10-10T15:13:14.236-0800][gc,start     ] GC(20) Pause Young (Normal) (G1 Evacuation Pause)
[2019-10-10T15:13:14.237-0800][gc,task      ] GC(20) Using 8 workers of 8 for evacuation
[2019-10-10T15:13:14.249-0800][gc,phases    ] GC(20)   Pre Evacuate Collection Set: 0.0ms
[2019-10-10T15:13:14.249-0800][gc,phases    ] GC(20)   Evacuate Collection Set: 10.1ms
[2019-10-10T15:13:14.249-0800][gc,phases    ] GC(20)   Post Evacuate Collection Set: 1.1ms
[2019-10-10T15:13:14.249-0800][gc,phases    ] GC(20)   Other: 2.3ms
[2019-10-10T15:13:14.249-0800][gc,heap      ] GC(20) Eden regions: 240->0(240)
[2019-10-10T15:13:14.249-0800][gc,heap      ] GC(20) Survivor regions: 16->16(32)
[2019-10-10T15:13:14.249-0800][gc,heap      ] GC(20) Old regions: 20->20
[2019-10-10T15:13:14.249-0800][gc,heap      ] GC(20) Archive regions: 2->2
[2019-10-10T15:13:14.249-0800][gc,heap      ] GC(20) Humongous regions: 10->10
[2019-10-10T15:13:14.249-0800][gc,metaspace ] GC(20) Metaspace: 65898K->65898K(1110016K)
[2019-10-10T15:13:14.249-0800][gc           ] GC(20) Pause Young (Normal) (G1 Evacuation Pause) 286M->45M(512M) 13.537ms
[2019-10-10T15:13:14.249-0800][gc,cpu       ] GC(20) User=0.07s Sys=0.00s Real=0.01s
[2019-10-10T15:42:10.595-0800][gc,start     ] GC(21) Pause Young (Normal) (G1 Evacuation Pause)
[2019-10-10T15:42:10.597-0800][gc,task      ] GC(21) Using 8 workers of 8 for evacuation
[2019-10-10T15:42:10.641-0800][gc,phases    ] GC(21)   Pre Evacuate Collection Set: 0.0ms
[2019-10-10T15:42:10.641-0800][gc,phases    ] GC(21)   Evacuate Collection Set: 41.8ms
[2019-10-10T15:42:10.641-0800][gc,phases    ] GC(21)   Post Evacuate Collection Set: 1.1ms
[2019-10-10T15:42:10.641-0800][gc,phases    ] GC(21)   Other: 3.2ms
[2019-10-10T15:42:10.641-0800][gc,heap      ] GC(21) Eden regions: 240->0(240)
[2019-10-10T15:42:10.641-0800][gc,heap      ] GC(21) Survivor regions: 16->16(32)
[2019-10-10T15:42:10.641-0800][gc,heap      ] GC(21) Old regions: 20->20
[2019-10-10T15:42:10.641-0800][gc,heap      ] GC(21) Archive regions: 2->2
[2019-10-10T15:42:10.641-0800][gc,heap      ] GC(21) Humongous regions: 10->10
[2019-10-10T15:42:10.641-0800][gc,metaspace ] GC(21) Metaspace: 65921K->65921K(1110016K)
[2019-10-10T15:42:10.641-0800][gc           ] GC(21) Pause Young (Normal) (G1 Evacuation Pause) 285M->45M(512M) 46.250ms
[2019-10-10T15:42:10.641-0800][gc,cpu       ] GC(21) User=0.08s Sys=0.16s Real=0.05s
[2019-10-10T18:03:20.444-0800][gc,heap,exit ] Heap
[2019-10-10T18:03:20.445-0800][gc,heap,exit ]  garbage-first heap   total 524288K, used 274362K [0x00000007e0000000, 0x0000000800000000)
[2019-10-10T18:03:20.445-0800][gc,heap,exit ]   region size 1024K, 240 young (245760K), 16 survivors (16384K)
[2019-10-10T18:03:20.445-0800][gc,heap,exit ]  Metaspace       used 66221K, capacity 68151K, committed 68480K, reserved 1110016K
[2019-10-10T18:03:20.445-0800][gc,heap,exit ]   class space    used 7631K, capacity 8526K, committed 8652K, reserved 1048576K
