[2019-10-09T14:18:02.087-0800][gc,heap] Heap region size: 1M
[2019-10-09T14:18:02.091-0800][gc     ] Using G1
[2019-10-09T14:18:02.091-0800][gc,heap,coops] Heap address: 0x00000007e0000000, size: 512 MB, Compressed Oops mode: Zero based, Oop shift amount: 3
[2019-10-09T14:18:02.091-0800][gc,cds       ] Mark closed archive regions in map: [0x00000007fff00000, 0x00000007fff76ff8]
[2019-10-09T14:18:02.091-0800][gc,cds       ] Mark open archive regions in map: [0x00000007ffe00000, 0x00000007ffe46ff8]
[2019-10-09T14:18:02.106-0800][gc           ] Periodic GC disabled
[2019-10-09T14:18:03.644-0800][gc,start     ] GC(0) Pause Young (Normal) (G1 Evacuation Pause)
[2019-10-09T14:18:03.645-0800][gc,task      ] GC(0) Using 8 workers of 8 for evacuation
[2019-10-09T14:18:03.655-0800][gc,phases    ] GC(0)   Pre Evacuate Collection Set: 0.0ms
[2019-10-09T14:18:03.655-0800][gc,phases    ] GC(0)   Evacuate Collection Set: 9.1ms
[2019-10-09T14:18:03.655-0800][gc,phases    ] GC(0)   Post Evacuate Collection Set: 1.0ms
[2019-10-09T14:18:03.655-0800][gc,phases    ] GC(0)   Other: 0.8ms
[2019-10-09T14:18:03.655-0800][gc,heap      ] GC(0) Eden regions: 256->0(249)
[2019-10-09T14:18:03.655-0800][gc,heap      ] GC(0) Survivor regions: 0->7(32)
[2019-10-09T14:18:03.655-0800][gc,heap      ] GC(0) Old regions: 0->0
[2019-10-09T14:18:03.655-0800][gc,heap      ] GC(0) Archive regions: 2->2
[2019-10-09T14:18:03.655-0800][gc,heap      ] GC(0) Humongous regions: 0->0
[2019-10-09T14:18:03.655-0800][gc,metaspace ] GC(0) Metaspace: 17278K->17278K(1064960K)
[2019-10-09T14:18:03.655-0800][gc           ] GC(0) Pause Young (Normal) (G1 Evacuation Pause) 256M->6M(512M) 11.081ms
[2019-10-09T14:18:03.655-0800][gc,cpu       ] GC(0) User=0.05s Sys=0.02s Real=0.01s
[2019-10-09T14:18:03.965-0800][gc,start     ] GC(1) Pause Young (Concurrent Start) (Metadata GC Threshold)
[2019-10-09T14:18:03.965-0800][gc,task      ] GC(1) Using 8 workers of 8 for evacuation
[2019-10-09T14:18:03.973-0800][gc,phases    ] GC(1)   Pre Evacuate Collection Set: 0.1ms
[2019-10-09T14:18:03.973-0800][gc,phases    ] GC(1)   Evacuate Collection Set: 6.9ms
[2019-10-09T14:18:03.973-0800][gc,phases    ] GC(1)   Post Evacuate Collection Set: 0.6ms
[2019-10-09T14:18:03.973-0800][gc,phases    ] GC(1)   Other: 0.3ms
[2019-10-09T14:18:03.973-0800][gc,heap      ] GC(1) Eden regions: 45->0(248)
[2019-10-09T14:18:03.973-0800][gc,heap      ] GC(1) Survivor regions: 7->8(32)
[2019-10-09T14:18:03.973-0800][gc,heap      ] GC(1) Old regions: 0->0
[2019-10-09T14:18:03.973-0800][gc,heap      ] GC(1) Archive regions: 2->2
[2019-10-09T14:18:03.973-0800][gc,heap      ] GC(1) Humongous regions: 0->0
[2019-10-09T14:18:03.973-0800][gc,metaspace ] GC(1) Metaspace: 20587K->20587K(1067008K)
[2019-10-09T14:18:03.973-0800][gc           ] GC(1) Pause Young (Concurrent Start) (Metadata GC Threshold) 51M->8M(512M) 8.016ms
[2019-10-09T14:18:03.973-0800][gc,cpu       ] GC(1) User=0.04s Sys=0.00s Real=0.01s
[2019-10-09T14:18:03.973-0800][gc           ] GC(2) Concurrent Cycle
[2019-10-09T14:18:03.973-0800][gc,marking   ] GC(2) Concurrent Clear Claimed Marks
[2019-10-09T14:18:03.973-0800][gc,marking   ] GC(2) Concurrent Clear Claimed Marks 0.048ms
[2019-10-09T14:18:03.973-0800][gc,marking   ] GC(2) Concurrent Scan Root Regions
[2019-10-09T14:18:03.977-0800][gc,marking   ] GC(2) Concurrent Scan Root Regions 3.914ms
[2019-10-09T14:18:03.977-0800][gc,marking   ] GC(2) Concurrent Mark (1.898s)
[2019-10-09T14:18:03.977-0800][gc,marking   ] GC(2) Concurrent Mark From Roots
[2019-10-09T14:18:03.977-0800][gc,task      ] GC(2) Using 2 workers of 2 for marking
[2019-10-09T14:18:03.978-0800][gc,marking   ] GC(2) Concurrent Mark From Roots 1.407ms
[2019-10-09T14:18:03.978-0800][gc,marking   ] GC(2) Concurrent Preclean
[2019-10-09T14:18:03.979-0800][gc,marking   ] GC(2) Concurrent Preclean 0.044ms
[2019-10-09T14:18:03.979-0800][gc,marking   ] GC(2) Concurrent Mark (1.898s, 1.899s) 1.536ms
[2019-10-09T14:18:03.979-0800][gc,start     ] GC(2) Pause Remark
[2019-10-09T14:18:03.980-0800][gc           ] GC(2) Pause Remark 9M->9M(512M) 0.970ms
[2019-10-09T14:18:03.980-0800][gc,cpu       ] GC(2) User=0.00s Sys=0.00s Real=0.01s
[2019-10-09T14:18:03.980-0800][gc,marking   ] GC(2) Concurrent Rebuild Remembered Sets
[2019-10-09T14:18:03.980-0800][gc,marking   ] GC(2) Concurrent Rebuild Remembered Sets 0.596ms
[2019-10-09T14:18:03.981-0800][gc,start     ] GC(2) Pause Cleanup
[2019-10-09T14:18:03.981-0800][gc           ] GC(2) Pause Cleanup 9M->9M(512M) 0.094ms
[2019-10-09T14:18:03.981-0800][gc,cpu       ] GC(2) User=0.00s Sys=0.00s Real=0.00s
[2019-10-09T14:18:03.981-0800][gc,marking   ] GC(2) Concurrent Cleanup for Next Mark
[2019-10-09T14:18:03.984-0800][gc,marking   ] GC(2) Concurrent Cleanup for Next Mark 3.186ms
[2019-10-09T14:18:03.984-0800][gc           ] GC(2) Concurrent Cycle 11.063ms
[2019-10-09T14:18:05.285-0800][gc,start     ] GC(3) Pause Young (Normal) (G1 Evacuation Pause)
[2019-10-09T14:18:05.285-0800][gc,task      ] GC(3) Using 8 workers of 8 for evacuation
[2019-10-09T14:18:05.300-0800][gc,phases    ] GC(3)   Pre Evacuate Collection Set: 0.0ms
[2019-10-09T14:18:05.300-0800][gc,phases    ] GC(3)   Evacuate Collection Set: 13.1ms
[2019-10-09T14:18:05.300-0800][gc,phases    ] GC(3)   Post Evacuate Collection Set: 1.0ms
[2019-10-09T14:18:05.300-0800][gc,phases    ] GC(3)   Other: 0.2ms
[2019-10-09T14:18:05.300-0800][gc,heap      ] GC(3) Eden regions: 248->0(242)
[2019-10-09T14:18:05.300-0800][gc,heap      ] GC(3) Survivor regions: 8->14(32)
[2019-10-09T14:18:05.300-0800][gc,heap      ] GC(3) Old regions: 0->0
[2019-10-09T14:18:05.300-0800][gc,heap      ] GC(3) Archive regions: 2->2
[2019-10-09T14:18:05.300-0800][gc,heap      ] GC(3) Humongous regions: 0->0
[2019-10-09T14:18:05.300-0800][gc,metaspace ] GC(3) Metaspace: 25122K->25122K(1071104K)
[2019-10-09T14:18:05.300-0800][gc           ] GC(3) Pause Young (Normal) (G1 Evacuation Pause) 256M->13M(512M) 14.424ms
[2019-10-09T14:18:05.300-0800][gc,cpu       ] GC(3) User=0.09s Sys=0.01s Real=0.02s
[2019-10-09T14:18:06.808-0800][gc,start     ] GC(4) Pause Young (Concurrent Start) (Metadata GC Threshold)
[2019-10-09T14:18:06.808-0800][gc,task      ] GC(4) Using 8 workers of 8 for evacuation
[2019-10-09T14:18:06.836-0800][gc,phases    ] GC(4)   Pre Evacuate Collection Set: 0.1ms
[2019-10-09T14:18:06.836-0800][gc,phases    ] GC(4)   Evacuate Collection Set: 27.1ms
[2019-10-09T14:18:06.836-0800][gc,phases    ] GC(4)   Post Evacuate Collection Set: 1.4ms
[2019-10-09T14:18:06.836-0800][gc,phases    ] GC(4)   Other: 0.2ms
[2019-10-09T14:18:06.836-0800][gc,heap      ] GC(4) Eden regions: 155->0(235)
[2019-10-09T14:18:06.836-0800][gc,heap      ] GC(4) Survivor regions: 14->21(32)
[2019-10-09T14:18:06.836-0800][gc,heap      ] GC(4) Old regions: 0->0
[2019-10-09T14:18:06.836-0800][gc,heap      ] GC(4) Archive regions: 2->2
[2019-10-09T14:18:06.836-0800][gc,heap      ] GC(4) Humongous regions: 0->0
[2019-10-09T14:18:06.836-0800][gc,metaspace ] GC(4) Metaspace: 34768K->34768K(1081344K)
[2019-10-09T14:18:06.837-0800][gc           ] GC(4) Pause Young (Concurrent Start) (Metadata GC Threshold) 168M->21M(512M) 28.980ms
[2019-10-09T14:18:06.837-0800][gc,cpu       ] GC(4) User=0.08s Sys=0.00s Real=0.03s
[2019-10-09T14:18:06.837-0800][gc           ] GC(5) Concurrent Cycle
[2019-10-09T14:18:06.837-0800][gc,marking   ] GC(5) Concurrent Clear Claimed Marks
[2019-10-09T14:18:06.837-0800][gc,marking   ] GC(5) Concurrent Clear Claimed Marks 0.087ms
[2019-10-09T14:18:06.837-0800][gc,marking   ] GC(5) Concurrent Scan Root Regions
[2019-10-09T14:18:06.847-0800][gc,marking   ] GC(5) Concurrent Scan Root Regions 10.759ms
[2019-10-09T14:18:06.848-0800][gc,marking   ] GC(5) Concurrent Mark (4.768s)
[2019-10-09T14:18:06.848-0800][gc,marking   ] GC(5) Concurrent Mark From Roots
[2019-10-09T14:18:06.848-0800][gc,task      ] GC(5) Using 2 workers of 2 for marking
[2019-10-09T14:18:06.849-0800][gc,marking   ] GC(5) Concurrent Mark From Roots 1.410ms
[2019-10-09T14:18:06.849-0800][gc,marking   ] GC(5) Concurrent Preclean
[2019-10-09T14:18:06.849-0800][gc,marking   ] GC(5) Concurrent Preclean 0.039ms
[2019-10-09T14:18:06.849-0800][gc,marking   ] GC(5) Concurrent Mark (4.768s, 4.770s) 1.530ms
[2019-10-09T14:18:06.849-0800][gc,start     ] GC(5) Pause Remark
[2019-10-09T14:18:06.851-0800][gc           ] GC(5) Pause Remark 23M->23M(512M) 2.253ms
[2019-10-09T14:18:06.852-0800][gc,cpu       ] GC(5) User=0.01s Sys=0.00s Real=0.01s
[2019-10-09T14:18:06.852-0800][gc,marking   ] GC(5) Concurrent Rebuild Remembered Sets
[2019-10-09T14:18:06.852-0800][gc,marking   ] GC(5) Concurrent Rebuild Remembered Sets 0.559ms
[2019-10-09T14:18:06.852-0800][gc,start     ] GC(5) Pause Cleanup
[2019-10-09T14:18:06.853-0800][gc           ] GC(5) Pause Cleanup 23M->23M(512M) 0.102ms
[2019-10-09T14:18:06.853-0800][gc,cpu       ] GC(5) User=0.00s Sys=0.00s Real=0.00s
[2019-10-09T14:18:06.853-0800][gc,marking   ] GC(5) Concurrent Cleanup for Next Mark
[2019-10-09T14:18:06.858-0800][gc,marking   ] GC(5) Concurrent Cleanup for Next Mark 5.272ms
[2019-10-09T14:18:06.858-0800][gc           ] GC(5) Concurrent Cycle 21.409ms
[2019-10-09T14:18:09.552-0800][gc,start     ] GC(6) Pause Young (Normal) (G1 Evacuation Pause)
[2019-10-09T14:18:09.556-0800][gc,task      ] GC(6) Using 8 workers of 8 for evacuation
[2019-10-09T14:18:09.580-0800][gc,phases    ] GC(6)   Pre Evacuate Collection Set: 0.0ms
[2019-10-09T14:18:09.580-0800][gc,phases    ] GC(6)   Evacuate Collection Set: 22.5ms
[2019-10-09T14:18:09.580-0800][gc,phases    ] GC(6)   Post Evacuate Collection Set: 1.9ms
[2019-10-09T14:18:09.580-0800][gc,phases    ] GC(6)   Other: 4.2ms
[2019-10-09T14:18:09.580-0800][gc,heap      ] GC(6) Eden regions: 235->0(231)
[2019-10-09T14:18:09.580-0800][gc,heap      ] GC(6) Survivor regions: 21->25(32)
[2019-10-09T14:18:09.580-0800][gc,heap      ] GC(6) Old regions: 0->6
[2019-10-09T14:18:09.580-0800][gc,heap      ] GC(6) Archive regions: 2->2
[2019-10-09T14:18:09.580-0800][gc,heap      ] GC(6) Humongous regions: 0->0
[2019-10-09T14:18:09.580-0800][gc,metaspace ] GC(6) Metaspace: 52325K->52325K(1095680K)
[2019-10-09T14:18:09.581-0800][gc           ] GC(6) Pause Young (Normal) (G1 Evacuation Pause) 256M->30M(512M) 28.740ms
[2019-10-09T14:18:09.581-0800][gc,cpu       ] GC(6) User=0.17s Sys=0.01s Real=0.03s
[2019-10-09T14:18:10.876-0800][gc,start     ] GC(7) Pause Young (Concurrent Start) (Metadata GC Threshold)
[2019-10-09T14:18:10.876-0800][gc,task      ] GC(7) Using 8 workers of 8 for evacuation
[2019-10-09T14:18:10.900-0800][gc,phases    ] GC(7)   Pre Evacuate Collection Set: 0.1ms
[2019-10-09T14:18:10.901-0800][gc,phases    ] GC(7)   Evacuate Collection Set: 22.7ms
[2019-10-09T14:18:10.901-0800][gc,phases    ] GC(7)   Post Evacuate Collection Set: 1.0ms
[2019-10-09T14:18:10.901-0800][gc,phases    ] GC(7)   Other: 0.3ms
[2019-10-09T14:18:10.901-0800][gc,heap      ] GC(7) Eden regions: 129->0(241)
[2019-10-09T14:18:10.901-0800][gc,heap      ] GC(7) Survivor regions: 25->15(32)
[2019-10-09T14:18:10.901-0800][gc,heap      ] GC(7) Old regions: 6->20
[2019-10-09T14:18:10.901-0800][gc,heap      ] GC(7) Archive regions: 2->2
[2019-10-09T14:18:10.901-0800][gc,heap      ] GC(7) Humongous regions: 0->0
[2019-10-09T14:18:10.901-0800][gc,metaspace ] GC(7) Metaspace: 58418K->58418K(1101824K)
[2019-10-09T14:18:10.901-0800][gc           ] GC(7) Pause Young (Concurrent Start) (Metadata GC Threshold) 159M->35M(512M) 24.263ms
[2019-10-09T14:18:10.901-0800][gc,cpu       ] GC(7) User=0.13s Sys=0.02s Real=0.03s
[2019-10-09T14:18:10.901-0800][gc           ] GC(8) Concurrent Cycle
[2019-10-09T14:18:10.901-0800][gc,marking   ] GC(8) Concurrent Clear Claimed Marks
[2019-10-09T14:18:10.901-0800][gc,marking   ] GC(8) Concurrent Clear Claimed Marks 0.128ms
[2019-10-09T14:18:10.901-0800][gc,marking   ] GC(8) Concurrent Scan Root Regions
[2019-10-09T14:18:10.916-0800][gc,marking   ] GC(8) Concurrent Scan Root Regions 14.841ms
[2019-10-09T14:18:10.916-0800][gc,marking   ] GC(8) Concurrent Mark (8.836s)
[2019-10-09T14:18:10.916-0800][gc,marking   ] GC(8) Concurrent Mark From Roots
[2019-10-09T14:18:10.916-0800][gc,task      ] GC(8) Using 2 workers of 2 for marking
[2019-10-09T14:18:10.924-0800][gc,marking   ] GC(8) Concurrent Mark From Roots 8.514ms
[2019-10-09T14:18:10.924-0800][gc,marking   ] GC(8) Concurrent Preclean
[2019-10-09T14:18:10.924-0800][gc,marking   ] GC(8) Concurrent Preclean 0.112ms
[2019-10-09T14:18:10.925-0800][gc,marking   ] GC(8) Concurrent Mark (8.836s, 8.845s) 8.724ms
[2019-10-09T14:18:10.925-0800][gc,start     ] GC(8) Pause Remark
[2019-10-09T14:18:10.930-0800][gc           ] GC(8) Pause Remark 37M->37M(512M) 4.826ms
[2019-10-09T14:18:10.930-0800][gc,cpu       ] GC(8) User=0.03s Sys=0.00s Real=0.01s
[2019-10-09T14:18:10.934-0800][gc,marking   ] GC(8) Concurrent Rebuild Remembered Sets
[2019-10-09T14:18:10.949-0800][gc,marking   ] GC(8) Concurrent Rebuild Remembered Sets 14.867ms
[2019-10-09T14:18:10.950-0800][gc,start     ] GC(8) Pause Cleanup
[2019-10-09T14:18:10.950-0800][gc           ] GC(8) Pause Cleanup 39M->39M(512M) 0.108ms
[2019-10-09T14:18:10.950-0800][gc,cpu       ] GC(8) User=0.00s Sys=0.00s Real=0.00s
[2019-10-09T14:18:10.950-0800][gc,marking   ] GC(8) Concurrent Cleanup for Next Mark
[2019-10-09T14:18:10.951-0800][gc,marking   ] GC(8) Concurrent Cleanup for Next Mark 0.842ms
[2019-10-09T14:18:10.951-0800][gc           ] GC(8) Concurrent Cycle 50.145ms
[2019-10-09T18:10:14.250-0800][gc,heap,exit ] Heap
[2019-10-09T18:10:14.251-0800][gc,heap,exit ]  garbage-first heap   total 524288K, used 136552K [0x00000007e0000000, 0x0000000800000000)
[2019-10-09T18:10:14.251-0800][gc,heap,exit ]   region size 1024K, 115 young (117760K), 15 survivors (15360K)
[2019-10-09T18:10:14.251-0800][gc,heap,exit ]  Metaspace       used 60017K, capacity 61700K, committed 62156K, reserved 1103872K
[2019-10-09T18:10:14.251-0800][gc,heap,exit ]   class space    used 7244K, capacity 8037K, committed 8140K, reserved 1048576K
