[2019-10-09T14:13:29.651-0800][gc,heap] Heap region size: 1M
[2019-10-09T14:13:29.656-0800][gc     ] Using G1
[2019-10-09T14:13:29.656-0800][gc,heap,coops] Heap address: 0x00000007e0000000, size: 512 MB, Compressed Oops mode: Zero based, Oop shift amount: 3
[2019-10-09T14:13:29.657-0800][gc,cds       ] Mark closed archive regions in map: [0x00000007fff00000, 0x00000007fff76ff8]
[2019-10-09T14:13:29.657-0800][gc,cds       ] Mark open archive regions in map: [0x00000007ffe00000, 0x00000007ffe46ff8]
[2019-10-09T14:13:29.674-0800][gc           ] Periodic GC disabled
[2019-10-09T14:13:31.773-0800][gc,start     ] GC(0) Pause Young (Normal) (G1 Evacuation Pause)
[2019-10-09T14:13:31.774-0800][gc,task      ] GC(0) Using 8 workers of 8 for evacuation
[2019-10-09T14:13:31.784-0800][gc,phases    ] GC(0)   Pre Evacuate Collection Set: 0.0ms
[2019-10-09T14:13:31.784-0800][gc,phases    ] GC(0)   Evacuate Collection Set: 8.5ms
[2019-10-09T14:13:31.784-0800][gc,phases    ] GC(0)   Post Evacuate Collection Set: 1.2ms
[2019-10-09T14:13:31.784-0800][gc,phases    ] GC(0)   Other: 1.0ms
[2019-10-09T14:13:31.784-0800][gc,heap      ] GC(0) Eden regions: 256->0(248)
[2019-10-09T14:13:31.784-0800][gc,heap      ] GC(0) Survivor regions: 0->8(32)
[2019-10-09T14:13:31.784-0800][gc,heap      ] GC(0) Old regions: 0->0
[2019-10-09T14:13:31.784-0800][gc,heap      ] GC(0) Archive regions: 2->2
[2019-10-09T14:13:31.784-0800][gc,heap      ] GC(0) Humongous regions: 0->0
[2019-10-09T14:13:31.784-0800][gc,metaspace ] GC(0) Metaspace: 20029K->20029K(1067008K)
[2019-10-09T14:13:31.784-0800][gc           ] GC(0) Pause Young (Normal) (G1 Evacuation Pause) 256M->7M(512M) 10.880ms
[2019-10-09T14:13:31.784-0800][gc,cpu       ] GC(0) User=0.05s Sys=0.01s Real=0.01s
[2019-10-09T14:13:31.880-0800][gc,start     ] GC(1) Pause Young (Concurrent Start) (Metadata GC Threshold)
[2019-10-09T14:13:31.880-0800][gc,task      ] GC(1) Using 8 workers of 8 for evacuation
[2019-10-09T14:13:31.887-0800][gc,phases    ] GC(1)   Pre Evacuate Collection Set: 0.1ms
[2019-10-09T14:13:31.887-0800][gc,phases    ] GC(1)   Evacuate Collection Set: 6.4ms
[2019-10-09T14:13:31.887-0800][gc,phases    ] GC(1)   Post Evacuate Collection Set: 0.5ms
[2019-10-09T14:13:31.887-0800][gc,phases    ] GC(1)   Other: 0.3ms
[2019-10-09T14:13:31.887-0800][gc,heap      ] GC(1) Eden regions: 12->0(248)
[2019-10-09T14:13:31.887-0800][gc,heap      ] GC(1) Survivor regions: 8->8(32)
[2019-10-09T14:13:31.887-0800][gc,heap      ] GC(1) Old regions: 0->0
[2019-10-09T14:13:31.887-0800][gc,heap      ] GC(1) Archive regions: 2->2
[2019-10-09T14:13:31.887-0800][gc,heap      ] GC(1) Humongous regions: 0->0
[2019-10-09T14:13:31.887-0800][gc,metaspace ] GC(1) Metaspace: 20590K->20590K(1067008K)
[2019-10-09T14:13:31.887-0800][gc           ] GC(1) Pause Young (Concurrent Start) (Metadata GC Threshold) 19M->8M(512M) 7.376ms
[2019-10-09T14:13:31.887-0800][gc,cpu       ] GC(1) User=0.04s Sys=0.00s Real=0.00s
[2019-10-09T14:13:31.888-0800][gc           ] GC(2) Concurrent Cycle
[2019-10-09T14:13:31.888-0800][gc,marking   ] GC(2) Concurrent Clear Claimed Marks
[2019-10-09T14:13:31.888-0800][gc,marking   ] GC(2) Concurrent Clear Claimed Marks 0.052ms
[2019-10-09T14:13:31.888-0800][gc,marking   ] GC(2) Concurrent Scan Root Regions
[2019-10-09T14:13:31.891-0800][gc,marking   ] GC(2) Concurrent Scan Root Regions 3.202ms
[2019-10-09T14:13:31.891-0800][gc,marking   ] GC(2) Concurrent Mark (2.246s)
[2019-10-09T14:13:31.891-0800][gc,marking   ] GC(2) Concurrent Mark From Roots
[2019-10-09T14:13:31.891-0800][gc,task      ] GC(2) Using 2 workers of 2 for marking
[2019-10-09T14:13:31.892-0800][gc,marking   ] GC(2) Concurrent Mark From Roots 1.061ms
[2019-10-09T14:13:31.892-0800][gc,marking   ] GC(2) Concurrent Preclean
[2019-10-09T14:13:31.892-0800][gc,marking   ] GC(2) Concurrent Preclean 0.027ms
[2019-10-09T14:13:31.892-0800][gc,marking   ] GC(2) Concurrent Mark (2.246s, 2.247s) 1.134ms
[2019-10-09T14:13:31.892-0800][gc,start     ] GC(2) Pause Remark
[2019-10-09T14:13:31.893-0800][gc           ] GC(2) Pause Remark 8M->8M(512M) 1.019ms
[2019-10-09T14:13:31.893-0800][gc,cpu       ] GC(2) User=0.01s Sys=0.00s Real=0.00s
[2019-10-09T14:13:31.893-0800][gc,marking   ] GC(2) Concurrent Rebuild Remembered Sets
[2019-10-09T14:13:31.894-0800][gc,marking   ] GC(2) Concurrent Rebuild Remembered Sets 0.396ms
[2019-10-09T14:13:31.894-0800][gc,start     ] GC(2) Pause Cleanup
[2019-10-09T14:13:31.894-0800][gc           ] GC(2) Pause Cleanup 8M->8M(512M) 0.072ms
[2019-10-09T14:13:31.894-0800][gc,cpu       ] GC(2) User=0.00s Sys=0.00s Real=0.00s
[2019-10-09T14:13:31.894-0800][gc,marking   ] GC(2) Concurrent Cleanup for Next Mark
[2019-10-09T14:13:31.897-0800][gc,marking   ] GC(2) Concurrent Cleanup for Next Mark 2.781ms
[2019-10-09T14:13:31.897-0800][gc           ] GC(2) Concurrent Cycle 9.263ms
[2019-10-09T14:13:33.404-0800][gc,start     ] GC(3) Pause Young (Normal) (G1 Evacuation Pause)
[2019-10-09T14:13:33.404-0800][gc,task      ] GC(3) Using 8 workers of 8 for evacuation
[2019-10-09T14:13:33.421-0800][gc,phases    ] GC(3)   Pre Evacuate Collection Set: 0.0ms
[2019-10-09T14:13:33.421-0800][gc,phases    ] GC(3)   Evacuate Collection Set: 15.1ms
[2019-10-09T14:13:33.421-0800][gc,phases    ] GC(3)   Post Evacuate Collection Set: 1.4ms
[2019-10-09T14:13:33.421-0800][gc,phases    ] GC(3)   Other: 0.2ms
[2019-10-09T14:13:33.421-0800][gc,heap      ] GC(3) Eden regions: 248->0(242)
[2019-10-09T14:13:33.421-0800][gc,heap      ] GC(3) Survivor regions: 8->14(32)
[2019-10-09T14:13:33.421-0800][gc,heap      ] GC(3) Old regions: 0->0
[2019-10-09T14:13:33.421-0800][gc,heap      ] GC(3) Archive regions: 2->2
[2019-10-09T14:13:33.421-0800][gc,heap      ] GC(3) Humongous regions: 0->0
[2019-10-09T14:13:33.421-0800][gc,metaspace ] GC(3) Metaspace: 25333K->25333K(1073152K)
[2019-10-09T14:13:33.421-0800][gc           ] GC(3) Pause Young (Normal) (G1 Evacuation Pause) 256M->13M(512M) 16.852ms
[2019-10-09T14:13:33.421-0800][gc,cpu       ] GC(3) User=0.09s Sys=0.00s Real=0.02s
[2019-10-09T14:13:35.002-0800][gc,start     ] GC(4) Pause Young (Concurrent Start) (Metadata GC Threshold)
[2019-10-09T14:13:35.002-0800][gc,task      ] GC(4) Using 8 workers of 8 for evacuation
[2019-10-09T14:13:35.029-0800][gc,phases    ] GC(4)   Pre Evacuate Collection Set: 0.1ms
[2019-10-09T14:13:35.029-0800][gc,phases    ] GC(4)   Evacuate Collection Set: 26.1ms
[2019-10-09T14:13:35.029-0800][gc,phases    ] GC(4)   Post Evacuate Collection Set: 1.2ms
[2019-10-09T14:13:35.030-0800][gc,phases    ] GC(4)   Other: 0.2ms
[2019-10-09T14:13:35.030-0800][gc,heap      ] GC(4) Eden regions: 151->0(234)
[2019-10-09T14:13:35.030-0800][gc,heap      ] GC(4) Survivor regions: 14->22(32)
[2019-10-09T14:13:35.030-0800][gc,heap      ] GC(4) Old regions: 0->0
[2019-10-09T14:13:35.030-0800][gc,heap      ] GC(4) Archive regions: 2->2
[2019-10-09T14:13:35.030-0800][gc,heap      ] GC(4) Humongous regions: 0->0
[2019-10-09T14:13:35.030-0800][gc,metaspace ] GC(4) Metaspace: 34827K->34827K(1081344K)
[2019-10-09T14:13:35.030-0800][gc           ] GC(4) Pause Young (Concurrent Start) (Metadata GC Threshold) 164M->22M(512M) 27.719ms
[2019-10-09T14:13:35.030-0800][gc,cpu       ] GC(4) User=0.09s Sys=0.00s Real=0.03s
[2019-10-09T14:13:35.030-0800][gc           ] GC(5) Concurrent Cycle
[2019-10-09T14:13:35.030-0800][gc,marking   ] GC(5) Concurrent Clear Claimed Marks
[2019-10-09T14:13:35.030-0800][gc,marking   ] GC(5) Concurrent Clear Claimed Marks 0.081ms
[2019-10-09T14:13:35.030-0800][gc,marking   ] GC(5) Concurrent Scan Root Regions
[2019-10-09T14:13:35.040-0800][gc,marking   ] GC(5) Concurrent Scan Root Regions 9.938ms
[2019-10-09T14:13:35.040-0800][gc,marking   ] GC(5) Concurrent Mark (5.395s)
[2019-10-09T14:13:35.040-0800][gc,marking   ] GC(5) Concurrent Mark From Roots
[2019-10-09T14:13:35.040-0800][gc,task      ] GC(5) Using 2 workers of 2 for marking
[2019-10-09T14:13:35.042-0800][gc,marking   ] GC(5) Concurrent Mark From Roots 1.995ms
[2019-10-09T14:13:35.042-0800][gc,marking   ] GC(5) Concurrent Preclean
[2019-10-09T14:13:35.042-0800][gc,marking   ] GC(5) Concurrent Preclean 0.039ms
[2019-10-09T14:13:35.042-0800][gc,marking   ] GC(5) Concurrent Mark (5.395s, 5.397s) 2.114ms
[2019-10-09T14:13:35.042-0800][gc,start     ] GC(5) Pause Remark
[2019-10-09T14:13:35.047-0800][gc           ] GC(5) Pause Remark 23M->23M(512M) 5.292ms
[2019-10-09T14:13:35.047-0800][gc,cpu       ] GC(5) User=0.02s Sys=0.00s Real=0.00s
[2019-10-09T14:13:35.051-0800][gc,marking   ] GC(5) Concurrent Rebuild Remembered Sets
[2019-10-09T14:13:35.053-0800][gc,marking   ] GC(5) Concurrent Rebuild Remembered Sets 1.614ms
[2019-10-09T14:13:35.053-0800][gc,start     ] GC(5) Pause Cleanup
[2019-10-09T14:13:35.053-0800][gc           ] GC(5) Pause Cleanup 24M->24M(512M) 0.143ms
[2019-10-09T14:13:35.054-0800][gc,cpu       ] GC(5) User=0.00s Sys=0.00s Real=0.00s
[2019-10-09T14:13:35.054-0800][gc,marking   ] GC(5) Concurrent Cleanup for Next Mark
[2019-10-09T14:13:35.060-0800][gc,marking   ] GC(5) Concurrent Cleanup for Next Mark 6.404ms
[2019-10-09T14:13:35.060-0800][gc           ] GC(5) Concurrent Cycle 30.384ms
[2019-10-09T14:13:37.946-0800][gc,start     ] GC(6) Pause Young (Normal) (G1 Evacuation Pause)
[2019-10-09T14:13:37.946-0800][gc,task      ] GC(6) Using 8 workers of 8 for evacuation
[2019-10-09T14:13:37.977-0800][gc,phases    ] GC(6)   Pre Evacuate Collection Set: 0.0ms
[2019-10-09T14:13:37.977-0800][gc,phases    ] GC(6)   Evacuate Collection Set: 27.9ms
[2019-10-09T14:13:37.977-0800][gc,phases    ] GC(6)   Post Evacuate Collection Set: 2.5ms
[2019-10-09T14:13:37.977-0800][gc,phases    ] GC(6)   Other: 0.2ms
[2019-10-09T14:13:37.977-0800][gc,heap      ] GC(6) Eden regions: 234->0(232)
[2019-10-09T14:13:37.977-0800][gc,heap      ] GC(6) Survivor regions: 22->24(32)
[2019-10-09T14:13:37.977-0800][gc,heap      ] GC(6) Old regions: 0->7
[2019-10-09T14:13:37.977-0800][gc,heap      ] GC(6) Archive regions: 2->2
[2019-10-09T14:13:37.977-0800][gc,heap      ] GC(6) Humongous regions: 0->0
[2019-10-09T14:13:37.977-0800][gc,metaspace ] GC(6) Metaspace: 52371K->52371K(1095680K)
[2019-10-09T14:13:37.977-0800][gc           ] GC(6) Pause Young (Normal) (G1 Evacuation Pause) 256M->31M(512M) 30.817ms
[2019-10-09T14:13:37.977-0800][gc,cpu       ] GC(6) User=0.17s Sys=0.01s Real=0.03s
[2019-10-09T14:13:39.330-0800][gc,start     ] GC(7) Pause Young (Concurrent Start) (Metadata GC Threshold)
[2019-10-09T14:13:39.330-0800][gc,task      ] GC(7) Using 8 workers of 8 for evacuation
[2019-10-09T14:13:39.346-0800][gc,phases    ] GC(7)   Pre Evacuate Collection Set: 0.1ms
[2019-10-09T14:13:39.346-0800][gc,phases    ] GC(7)   Evacuate Collection Set: 14.6ms
[2019-10-09T14:13:39.346-0800][gc,phases    ] GC(7)   Post Evacuate Collection Set: 1.2ms
[2019-10-09T14:13:39.346-0800][gc,phases    ] GC(7)   Other: 0.3ms
[2019-10-09T14:13:39.346-0800][gc,heap      ] GC(7) Eden regions: 130->0(240)
[2019-10-09T14:13:39.346-0800][gc,heap      ] GC(7) Survivor regions: 24->16(32)
[2019-10-09T14:13:39.346-0800][gc,heap      ] GC(7) Old regions: 7->20
[2019-10-09T14:13:39.346-0800][gc,heap      ] GC(7) Archive regions: 2->2
[2019-10-09T14:13:39.346-0800][gc,heap      ] GC(7) Humongous regions: 0->0
[2019-10-09T14:13:39.346-0800][gc,metaspace ] GC(7) Metaspace: 58635K->58635K(1101824K)
[2019-10-09T14:13:39.346-0800][gc           ] GC(7) Pause Young (Concurrent Start) (Metadata GC Threshold) 161M->35M(512M) 16.343ms
[2019-10-09T14:13:39.346-0800][gc,cpu       ] GC(7) User=0.11s Sys=0.01s Real=0.01s
[2019-10-09T14:13:39.346-0800][gc           ] GC(8) Concurrent Cycle
[2019-10-09T14:13:39.346-0800][gc,marking   ] GC(8) Concurrent Clear Claimed Marks
[2019-10-09T14:13:39.346-0800][gc,marking   ] GC(8) Concurrent Clear Claimed Marks 0.143ms
[2019-10-09T14:13:39.346-0800][gc,marking   ] GC(8) Concurrent Scan Root Regions
[2019-10-09T14:13:39.360-0800][gc,marking   ] GC(8) Concurrent Scan Root Regions 14.016ms
[2019-10-09T14:13:39.360-0800][gc,marking   ] GC(8) Concurrent Mark (9.715s)
[2019-10-09T14:13:39.361-0800][gc,marking   ] GC(8) Concurrent Mark From Roots
[2019-10-09T14:13:39.361-0800][gc,task      ] GC(8) Using 2 workers of 2 for marking
[2019-10-09T14:13:39.371-0800][gc,marking   ] GC(8) Concurrent Mark From Roots 10.314ms
[2019-10-09T14:13:39.371-0800][gc,marking   ] GC(8) Concurrent Preclean
[2019-10-09T14:13:39.371-0800][gc,marking   ] GC(8) Concurrent Preclean 0.066ms
[2019-10-09T14:13:39.371-0800][gc,marking   ] GC(8) Concurrent Mark (9.715s, 9.726s) 10.459ms
[2019-10-09T14:13:39.371-0800][gc,start     ] GC(8) Pause Remark
[2019-10-09T14:13:39.376-0800][gc           ] GC(8) Pause Remark 38M->38M(512M) 4.696ms
[2019-10-09T14:13:39.376-0800][gc,cpu       ] GC(8) User=0.04s Sys=0.01s Real=0.00s
[2019-10-09T14:13:39.376-0800][gc,marking   ] GC(8) Concurrent Rebuild Remembered Sets
[2019-10-09T14:13:39.389-0800][gc,marking   ] GC(8) Concurrent Rebuild Remembered Sets 12.913ms
[2019-10-09T14:13:39.390-0800][gc,start     ] GC(8) Pause Cleanup
[2019-10-09T14:13:39.390-0800][gc           ] GC(8) Pause Cleanup 40M->40M(512M) 0.089ms
[2019-10-09T14:13:39.390-0800][gc,cpu       ] GC(8) User=0.01s Sys=0.00s Real=0.00s
[2019-10-09T14:13:39.390-0800][gc,marking   ] GC(8) Concurrent Cleanup for Next Mark
[2019-10-09T14:13:39.391-0800][gc,marking   ] GC(8) Concurrent Cleanup for Next Mark 1.123ms
[2019-10-09T14:13:39.391-0800][gc           ] GC(8) Concurrent Cycle 44.682ms
