[2019-09-28T11:51:59.020-0800][gc,heap] Heap region size: 1M
[2019-09-28T11:51:59.025-0800][gc     ] Using G1
[2019-09-28T11:51:59.025-0800][gc,heap,coops] Heap address: 0x00000007e0000000, size: 512 MB, Compressed Oops mode: Zero based, Oop shift amount: 3
[2019-09-28T11:51:59.025-0800][gc,cds       ] Mark closed archive regions in map: [0x00000007fff00000, 0x00000007fff76ff8]
[2019-09-28T11:51:59.025-0800][gc,cds       ] Mark open archive regions in map: [0x00000007ffe00000, 0x00000007ffe46ff8]
[2019-09-28T11:51:59.040-0800][gc           ] Periodic GC disabled
[2019-09-28T11:52:00.787-0800][gc,start     ] GC(0) Pause Young (Normal) (G1 Evacuation Pause)
[2019-09-28T11:52:00.788-0800][gc,task      ] GC(0) Using 8 workers of 8 for evacuation
[2019-09-28T11:52:00.797-0800][gc,phases    ] GC(0)   Pre Evacuate Collection Set: 0.0ms
[2019-09-28T11:52:00.797-0800][gc,phases    ] GC(0)   Evacuate Collection Set: 8.6ms
[2019-09-28T11:52:00.797-0800][gc,phases    ] GC(0)   Post Evacuate Collection Set: 0.9ms
[2019-09-28T11:52:00.797-0800][gc,phases    ] GC(0)   Other: 0.6ms
[2019-09-28T11:52:00.797-0800][gc,heap      ] GC(0) Eden regions: 256->0(248)
[2019-09-28T11:52:00.797-0800][gc,heap      ] GC(0) Survivor regions: 0->8(32)
[2019-09-28T11:52:00.797-0800][gc,heap      ] GC(0) Old regions: 0->0
[2019-09-28T11:52:00.797-0800][gc,heap      ] GC(0) Archive regions: 2->2
[2019-09-28T11:52:00.798-0800][gc,heap      ] GC(0) Humongous regions: 0->0
[2019-09-28T11:52:00.798-0800][gc,metaspace ] GC(0) Metaspace: 20411K->20411K(1067008K)
[2019-09-28T11:52:00.798-0800][gc           ] GC(0) Pause Young (Normal) (G1 Evacuation Pause) 256M->8M(512M) 10.243ms
[2019-09-28T11:52:00.798-0800][gc,cpu       ] GC(0) User=0.05s Sys=0.01s Real=0.01s
[2019-09-28T11:52:00.836-0800][gc,start     ] GC(1) Pause Young (Concurrent Start) (Metadata GC Threshold)
[2019-09-28T11:52:00.836-0800][gc,task      ] GC(1) Using 8 workers of 8 for evacuation
[2019-09-28T11:52:00.844-0800][gc,phases    ] GC(1)   Pre Evacuate Collection Set: 0.1ms
[2019-09-28T11:52:00.844-0800][gc,phases    ] GC(1)   Evacuate Collection Set: 6.5ms
[2019-09-28T11:52:00.844-0800][gc,phases    ] GC(1)   Post Evacuate Collection Set: 0.8ms
[2019-09-28T11:52:00.844-0800][gc,phases    ] GC(1)   Other: 0.3ms
[2019-09-28T11:52:00.844-0800][gc,heap      ] GC(1) Eden regions: 6->0(248)
[2019-09-28T11:52:00.844-0800][gc,heap      ] GC(1) Survivor regions: 8->8(32)
[2019-09-28T11:52:00.844-0800][gc,heap      ] GC(1) Old regions: 0->0
[2019-09-28T11:52:00.844-0800][gc,heap      ] GC(1) Archive regions: 2->2
[2019-09-28T11:52:00.844-0800][gc,heap      ] GC(1) Humongous regions: 0->0
[2019-09-28T11:52:00.844-0800][gc,metaspace ] GC(1) Metaspace: 20641K->20641K(1067008K)
[2019-09-28T11:52:00.844-0800][gc           ] GC(1) Pause Young (Concurrent Start) (Metadata GC Threshold) 14M->8M(512M) 7.769ms
[2019-09-28T11:52:00.844-0800][gc,cpu       ] GC(1) User=0.04s Sys=0.01s Real=0.01s
[2019-09-28T11:52:00.844-0800][gc           ] GC(2) Concurrent Cycle
[2019-09-28T11:52:00.844-0800][gc,marking   ] GC(2) Concurrent Clear Claimed Marks
[2019-09-28T11:52:00.844-0800][gc,marking   ] GC(2) Concurrent Clear Claimed Marks 0.061ms
[2019-09-28T11:52:00.844-0800][gc,marking   ] GC(2) Concurrent Scan Root Regions
[2019-09-28T11:52:00.848-0800][gc,marking   ] GC(2) Concurrent Scan Root Regions 3.206ms
[2019-09-28T11:52:00.848-0800][gc,marking   ] GC(2) Concurrent Mark (1.834s)
[2019-09-28T11:52:00.848-0800][gc,marking   ] GC(2) Concurrent Mark From Roots
[2019-09-28T11:52:00.848-0800][gc,task      ] GC(2) Using 2 workers of 2 for marking
[2019-09-28T11:52:00.849-0800][gc,marking   ] GC(2) Concurrent Mark From Roots 1.422ms
[2019-09-28T11:52:00.849-0800][gc,marking   ] GC(2) Concurrent Preclean
[2019-09-28T11:52:00.849-0800][gc,marking   ] GC(2) Concurrent Preclean 0.045ms
[2019-09-28T11:52:00.849-0800][gc,marking   ] GC(2) Concurrent Mark (1.834s, 1.835s) 1.555ms
[2019-09-28T11:52:00.849-0800][gc,start     ] GC(2) Pause Remark
[2019-09-28T11:52:00.850-0800][gc           ] GC(2) Pause Remark 9M->9M(512M) 0.978ms
[2019-09-28T11:52:00.850-0800][gc,cpu       ] GC(2) User=0.00s Sys=0.00s Real=0.01s
[2019-09-28T11:52:00.851-0800][gc,marking   ] GC(2) Concurrent Rebuild Remembered Sets
[2019-09-28T11:52:00.852-0800][gc,marking   ] GC(2) Concurrent Rebuild Remembered Sets 0.566ms
[2019-09-28T11:52:00.852-0800][gc,start     ] GC(2) Pause Cleanup
[2019-09-28T11:52:00.852-0800][gc           ] GC(2) Pause Cleanup 9M->9M(512M) 0.117ms
[2019-09-28T11:52:00.852-0800][gc,cpu       ] GC(2) User=0.00s Sys=0.00s Real=0.00s
[2019-09-28T11:52:00.852-0800][gc,marking   ] GC(2) Concurrent Cleanup for Next Mark
[2019-09-28T11:52:00.855-0800][gc,marking   ] GC(2) Concurrent Cleanup for Next Mark 3.044ms
[2019-09-28T11:52:00.855-0800][gc           ] GC(2) Concurrent Cycle 10.854ms
[2019-09-28T11:52:01.934-0800][gc,start     ] GC(3) Pause Young (Normal) (G1 Evacuation Pause)
[2019-09-28T11:52:01.934-0800][gc,task      ] GC(3) Using 8 workers of 8 for evacuation
[2019-09-28T11:52:01.946-0800][gc,phases    ] GC(3)   Pre Evacuate Collection Set: 0.0ms
[2019-09-28T11:52:01.946-0800][gc,phases    ] GC(3)   Evacuate Collection Set: 11.6ms
[2019-09-28T11:52:01.946-0800][gc,phases    ] GC(3)   Post Evacuate Collection Set: 1.2ms
[2019-09-28T11:52:01.946-0800][gc,phases    ] GC(3)   Other: 0.1ms
[2019-09-28T11:52:01.947-0800][gc,heap      ] GC(3) Eden regions: 248->0(242)
[2019-09-28T11:52:01.947-0800][gc,heap      ] GC(3) Survivor regions: 8->14(32)
[2019-09-28T11:52:01.947-0800][gc,heap      ] GC(3) Old regions: 0->0
[2019-09-28T11:52:01.947-0800][gc,heap      ] GC(3) Archive regions: 2->2
[2019-09-28T11:52:01.947-0800][gc,heap      ] GC(3) Humongous regions: 0->0
[2019-09-28T11:52:01.947-0800][gc,metaspace ] GC(3) Metaspace: 25205K->25205K(1073152K)
[2019-09-28T11:52:01.947-0800][gc           ] GC(3) Pause Young (Normal) (G1 Evacuation Pause) 256M->13M(512M) 12.988ms
[2019-09-28T11:52:01.947-0800][gc,cpu       ] GC(3) User=0.08s Sys=0.01s Real=0.01s
[2019-09-28T11:52:03.147-0800][gc,start     ] GC(4) Pause Young (Concurrent Start) (Metadata GC Threshold)
[2019-09-28T11:52:03.147-0800][gc,task      ] GC(4) Using 8 workers of 8 for evacuation
[2019-09-28T11:52:03.173-0800][gc,phases    ] GC(4)   Pre Evacuate Collection Set: 0.1ms
[2019-09-28T11:52:03.173-0800][gc,phases    ] GC(4)   Evacuate Collection Set: 24.3ms
[2019-09-28T11:52:03.173-0800][gc,phases    ] GC(4)   Post Evacuate Collection Set: 1.5ms
[2019-09-28T11:52:03.173-0800][gc,phases    ] GC(4)   Other: 0.2ms
[2019-09-28T11:52:03.173-0800][gc,heap      ] GC(4) Eden regions: 156->0(234)
[2019-09-28T11:52:03.173-0800][gc,heap      ] GC(4) Survivor regions: 14->22(32)
[2019-09-28T11:52:03.173-0800][gc,heap      ] GC(4) Old regions: 0->0
[2019-09-28T11:52:03.173-0800][gc,heap      ] GC(4) Archive regions: 2->2
[2019-09-28T11:52:03.173-0800][gc,heap      ] GC(4) Humongous regions: 0->0
[2019-09-28T11:52:03.173-0800][gc,metaspace ] GC(4) Metaspace: 34765K->34765K(1081344K)
[2019-09-28T11:52:03.173-0800][gc           ] GC(4) Pause Young (Concurrent Start) (Metadata GC Threshold) 169M->22M(512M) 26.177ms
[2019-09-28T11:52:03.173-0800][gc,cpu       ] GC(4) User=0.11s Sys=0.00s Real=0.03s
[2019-09-28T11:52:03.173-0800][gc           ] GC(5) Concurrent Cycle
[2019-09-28T11:52:03.173-0800][gc,marking   ] GC(5) Concurrent Clear Claimed Marks
[2019-09-28T11:52:03.173-0800][gc,marking   ] GC(5) Concurrent Clear Claimed Marks 0.076ms
[2019-09-28T11:52:03.173-0800][gc,marking   ] GC(5) Concurrent Scan Root Regions
[2019-09-28T11:52:03.181-0800][gc,marking   ] GC(5) Concurrent Scan Root Regions 8.484ms
[2019-09-28T11:52:03.182-0800][gc,marking   ] GC(5) Concurrent Mark (4.167s)
[2019-09-28T11:52:03.182-0800][gc,marking   ] GC(5) Concurrent Mark From Roots
[2019-09-28T11:52:03.182-0800][gc,task      ] GC(5) Using 2 workers of 2 for marking
[2019-09-28T11:52:03.183-0800][gc,marking   ] GC(5) Concurrent Mark From Roots 1.386ms
[2019-09-28T11:52:03.183-0800][gc,marking   ] GC(5) Concurrent Preclean
[2019-09-28T11:52:03.183-0800][gc,marking   ] GC(5) Concurrent Preclean 0.034ms
[2019-09-28T11:52:03.183-0800][gc,marking   ] GC(5) Concurrent Mark (4.167s, 4.169s) 1.495ms
[2019-09-28T11:52:03.183-0800][gc,start     ] GC(5) Pause Remark
[2019-09-28T11:52:03.185-0800][gc           ] GC(5) Pause Remark 23M->23M(512M) 2.067ms
[2019-09-28T11:52:03.185-0800][gc,cpu       ] GC(5) User=0.01s Sys=0.00s Real=0.00s
[2019-09-28T11:52:03.185-0800][gc,marking   ] GC(5) Concurrent Rebuild Remembered Sets
[2019-09-28T11:52:03.186-0800][gc,marking   ] GC(5) Concurrent Rebuild Remembered Sets 0.594ms
[2019-09-28T11:52:03.186-0800][gc,start     ] GC(5) Pause Cleanup
[2019-09-28T11:52:03.187-0800][gc           ] GC(5) Pause Cleanup 23M->23M(512M) 0.145ms
[2019-09-28T11:52:03.187-0800][gc,cpu       ] GC(5) User=0.00s Sys=0.00s Real=0.00s
[2019-09-28T11:52:03.187-0800][gc,marking   ] GC(5) Concurrent Cleanup for Next Mark
[2019-09-28T11:52:03.190-0800][gc,marking   ] GC(5) Concurrent Cleanup for Next Mark 3.184ms
[2019-09-28T11:52:03.190-0800][gc           ] GC(5) Concurrent Cycle 17.017ms
[2019-09-28T11:52:05.820-0800][gc,start     ] GC(6) Pause Young (Normal) (G1 Evacuation Pause)
[2019-09-28T11:52:05.820-0800][gc,task      ] GC(6) Using 8 workers of 8 for evacuation
[2019-09-28T11:52:05.844-0800][gc,phases    ] GC(6)   Pre Evacuate Collection Set: 0.0ms
[2019-09-28T11:52:05.844-0800][gc,phases    ] GC(6)   Evacuate Collection Set: 21.5ms
[2019-09-28T11:52:05.844-0800][gc,phases    ] GC(6)   Post Evacuate Collection Set: 2.0ms
[2019-09-28T11:52:05.844-0800][gc,phases    ] GC(6)   Other: 0.2ms
[2019-09-28T11:52:05.844-0800][gc,heap      ] GC(6) Eden regions: 234->0(231)
[2019-09-28T11:52:05.844-0800][gc,heap      ] GC(6) Survivor regions: 22->25(32)
[2019-09-28T11:52:05.844-0800][gc,heap      ] GC(6) Old regions: 0->7
[2019-09-28T11:52:05.844-0800][gc,heap      ] GC(6) Archive regions: 2->2
[2019-09-28T11:52:05.844-0800][gc,heap      ] GC(6) Humongous regions: 0->0
[2019-09-28T11:52:05.844-0800][gc,metaspace ] GC(6) Metaspace: 51793K->51793K(1095680K)
[2019-09-28T11:52:05.844-0800][gc           ] GC(6) Pause Young (Normal) (G1 Evacuation Pause) 256M->32M(512M) 23.839ms
[2019-09-28T11:52:05.844-0800][gc,cpu       ] GC(6) User=0.14s Sys=0.01s Real=0.02s
[2019-09-28T11:52:07.120-0800][gc,start     ] GC(7) Pause Young (Concurrent Start) (Metadata GC Threshold)
[2019-09-28T11:52:07.120-0800][gc,task      ] GC(7) Using 8 workers of 8 for evacuation
[2019-09-28T11:52:07.136-0800][gc,phases    ] GC(7)   Pre Evacuate Collection Set: 0.1ms
[2019-09-28T11:52:07.136-0800][gc,phases    ] GC(7)   Evacuate Collection Set: 14.4ms
[2019-09-28T11:52:07.136-0800][gc,phases    ] GC(7)   Post Evacuate Collection Set: 1.0ms
[2019-09-28T11:52:07.136-0800][gc,phases    ] GC(7)   Other: 0.2ms
[2019-09-28T11:52:07.136-0800][gc,heap      ] GC(7) Eden regions: 132->0(239)
[2019-09-28T11:52:07.136-0800][gc,heap      ] GC(7) Survivor regions: 25->17(32)
[2019-09-28T11:52:07.136-0800][gc,heap      ] GC(7) Old regions: 7->20
[2019-09-28T11:52:07.136-0800][gc,heap      ] GC(7) Archive regions: 2->2
[2019-09-28T11:52:07.136-0800][gc,heap      ] GC(7) Humongous regions: 0->0
[2019-09-28T11:52:07.136-0800][gc,metaspace ] GC(7) Metaspace: 58509K->58509K(1101824K)
[2019-09-28T11:52:07.136-0800][gc           ] GC(7) Pause Young (Concurrent Start) (Metadata GC Threshold) 163M->37M(512M) 15.881ms
[2019-09-28T11:52:07.136-0800][gc,cpu       ] GC(7) User=0.11s Sys=0.01s Real=0.01s
[2019-09-28T11:52:07.136-0800][gc           ] GC(8) Concurrent Cycle
[2019-09-28T11:52:07.136-0800][gc,marking   ] GC(8) Concurrent Clear Claimed Marks
[2019-09-28T11:52:07.136-0800][gc,marking   ] GC(8) Concurrent Clear Claimed Marks 0.121ms
[2019-09-28T11:52:07.136-0800][gc,marking   ] GC(8) Concurrent Scan Root Regions
[2019-09-28T11:52:07.149-0800][gc,marking   ] GC(8) Concurrent Scan Root Regions 13.037ms
[2019-09-28T11:52:07.149-0800][gc,marking   ] GC(8) Concurrent Mark (8.135s)
[2019-09-28T11:52:07.149-0800][gc,marking   ] GC(8) Concurrent Mark From Roots
[2019-09-28T11:52:07.149-0800][gc,task      ] GC(8) Using 2 workers of 2 for marking
[2019-09-28T11:52:07.160-0800][gc,marking   ] GC(8) Concurrent Mark From Roots 10.915ms
[2019-09-28T11:52:07.160-0800][gc,marking   ] GC(8) Concurrent Preclean
[2019-09-28T11:52:07.160-0800][gc,marking   ] GC(8) Concurrent Preclean 0.076ms
[2019-09-28T11:52:07.160-0800][gc,marking   ] GC(8) Concurrent Mark (8.135s, 8.146s) 11.055ms
[2019-09-28T11:52:07.160-0800][gc,start     ] GC(8) Pause Remark
[2019-09-28T11:52:07.165-0800][gc           ] GC(8) Pause Remark 40M->40M(512M) 4.529ms
[2019-09-28T11:52:07.165-0800][gc,cpu       ] GC(8) User=0.03s Sys=0.00s Real=0.00s
[2019-09-28T11:52:07.165-0800][gc,marking   ] GC(8) Concurrent Rebuild Remembered Sets
[2019-09-28T11:52:07.178-0800][gc,marking   ] GC(8) Concurrent Rebuild Remembered Sets 12.589ms
[2019-09-28T11:52:07.178-0800][gc,start     ] GC(8) Pause Cleanup
[2019-09-28T11:52:07.178-0800][gc           ] GC(8) Pause Cleanup 42M->42M(512M) 0.087ms
[2019-09-28T11:52:07.178-0800][gc,cpu       ] GC(8) User=0.00s Sys=0.00s Real=0.00s
[2019-09-28T11:52:07.178-0800][gc,marking   ] GC(8) Concurrent Cleanup for Next Mark
[2019-09-28T11:52:07.179-0800][gc,marking   ] GC(8) Concurrent Cleanup for Next Mark 0.895ms
[2019-09-28T11:52:07.179-0800][gc           ] GC(8) Concurrent Cycle 43.385ms
[2019-09-28T14:19:17.633-0800][gc,start     ] GC(9) Pause Young (Normal) (G1 Evacuation Pause)
[2019-09-28T14:19:17.639-0800][gc,task      ] GC(9) Using 8 workers of 8 for evacuation
[2019-09-28T14:19:17.652-0800][gc,phases    ] GC(9)   Pre Evacuate Collection Set: 0.0ms
[2019-09-28T14:19:17.652-0800][gc,phases    ] GC(9)   Evacuate Collection Set: 11.6ms
[2019-09-28T14:19:17.652-0800][gc,phases    ] GC(9)   Post Evacuate Collection Set: 1.8ms
[2019-09-28T14:19:17.652-0800][gc,phases    ] GC(9)   Other: 5.7ms
[2019-09-28T14:19:17.652-0800][gc,heap      ] GC(9) Eden regions: 239->0(239)
[2019-09-28T14:19:17.652-0800][gc,heap      ] GC(9) Survivor regions: 17->17(32)
[2019-09-28T14:19:17.652-0800][gc,heap      ] GC(9) Old regions: 20->20
[2019-09-28T14:19:17.652-0800][gc,heap      ] GC(9) Archive regions: 2->2
[2019-09-28T14:19:17.652-0800][gc,heap      ] GC(9) Humongous regions: 2->2
[2019-09-28T14:19:17.652-0800][gc,metaspace ] GC(9) Metaspace: 64004K->64004K(1107968K)
[2019-09-28T14:19:17.652-0800][gc           ] GC(9) Pause Young (Normal) (G1 Evacuation Pause) 278M->39M(512M) 19.251ms
[2019-09-28T14:19:17.652-0800][gc,cpu       ] GC(9) User=0.07s Sys=0.02s Real=0.02s
[2019-09-28T14:54:36.446-0800][gc,start     ] GC(10) Pause Young (Normal) (G1 Evacuation Pause)
[2019-09-28T14:54:36.452-0800][gc,task      ] GC(10) Using 8 workers of 8 for evacuation
[2019-09-28T14:54:36.464-0800][gc,phases    ] GC(10)   Pre Evacuate Collection Set: 0.0ms
[2019-09-28T14:54:36.464-0800][gc,phases    ] GC(10)   Evacuate Collection Set: 10.1ms
[2019-09-28T14:54:36.464-0800][gc,phases    ] GC(10)   Post Evacuate Collection Set: 1.5ms
[2019-09-28T14:54:36.464-0800][gc,phases    ] GC(10)   Other: 5.9ms
[2019-09-28T14:54:36.464-0800][gc,heap      ] GC(10) Eden regions: 239->0(239)
[2019-09-28T14:54:36.464-0800][gc,heap      ] GC(10) Survivor regions: 17->17(32)
[2019-09-28T14:54:36.464-0800][gc,heap      ] GC(10) Old regions: 20->20
[2019-09-28T14:54:36.464-0800][gc,heap      ] GC(10) Archive regions: 2->2
[2019-09-28T14:54:36.464-0800][gc,heap      ] GC(10) Humongous regions: 4->4
[2019-09-28T14:54:36.464-0800][gc,metaspace ] GC(10) Metaspace: 66008K->66008K(1110016K)
[2019-09-28T14:54:36.464-0800][gc           ] GC(10) Pause Young (Normal) (G1 Evacuation Pause) 280M->41M(512M) 17.602ms
[2019-09-28T14:54:36.464-0800][gc,cpu       ] GC(10) User=0.07s Sys=0.01s Real=0.02s
[2019-09-28T15:33:29.079-0800][gc,start     ] GC(11) Pause Young (Normal) (G1 Evacuation Pause)
[2019-09-28T15:33:29.080-0800][gc,task      ] GC(11) Using 8 workers of 8 for evacuation
[2019-09-28T15:33:29.091-0800][gc,phases    ] GC(11)   Pre Evacuate Collection Set: 0.0ms
[2019-09-28T15:33:29.091-0800][gc,phases    ] GC(11)   Evacuate Collection Set: 9.9ms
[2019-09-28T15:33:29.091-0800][gc,phases    ] GC(11)   Post Evacuate Collection Set: 1.1ms
[2019-09-28T15:33:29.091-0800][gc,phases    ] GC(11)   Other: 0.7ms
[2019-09-28T15:33:29.091-0800][gc,heap      ] GC(11) Eden regions: 239->0(239)
[2019-09-28T15:33:29.091-0800][gc,heap      ] GC(11) Survivor regions: 17->17(32)
[2019-09-28T15:33:29.091-0800][gc,heap      ] GC(11) Old regions: 20->20
[2019-09-28T15:33:29.091-0800][gc,heap      ] GC(11) Archive regions: 2->2
[2019-09-28T15:33:29.091-0800][gc,heap      ] GC(11) Humongous regions: 4->4
[2019-09-28T15:33:29.091-0800][gc,metaspace ] GC(11) Metaspace: 66019K->66019K(1110016K)
[2019-09-28T15:33:29.091-0800][gc           ] GC(11) Pause Young (Normal) (G1 Evacuation Pause) 280M->41M(512M) 11.868ms
[2019-09-28T15:33:29.091-0800][gc,cpu       ] GC(11) User=0.08s Sys=0.01s Real=0.02s
[2019-09-28T16:02:10.083-0800][gc,start     ] GC(12) Pause Young (Normal) (G1 Evacuation Pause)
[2019-09-28T16:02:10.088-0800][gc,task      ] GC(12) Using 8 workers of 8 for evacuation
[2019-09-28T16:02:10.100-0800][gc,phases    ] GC(12)   Pre Evacuate Collection Set: 0.0ms
[2019-09-28T16:02:10.100-0800][gc,phases    ] GC(12)   Evacuate Collection Set: 9.9ms
[2019-09-28T16:02:10.100-0800][gc,phases    ] GC(12)   Post Evacuate Collection Set: 1.2ms
[2019-09-28T16:02:10.100-0800][gc,phases    ] GC(12)   Other: 5.8ms
[2019-09-28T16:02:10.100-0800][gc,heap      ] GC(12) Eden regions: 239->0(239)
[2019-09-28T16:02:10.100-0800][gc,heap      ] GC(12) Survivor regions: 17->17(32)
[2019-09-28T16:02:10.100-0800][gc,heap      ] GC(12) Old regions: 20->20
[2019-09-28T16:02:10.100-0800][gc,heap      ] GC(12) Archive regions: 2->2
[2019-09-28T16:02:10.100-0800][gc,heap      ] GC(12) Humongous regions: 4->4
[2019-09-28T16:02:10.100-0800][gc,metaspace ] GC(12) Metaspace: 66046K->66046K(1110016K)
[2019-09-28T16:02:10.100-0800][gc           ] GC(12) Pause Young (Normal) (G1 Evacuation Pause) 280M->40M(512M) 17.272ms
[2019-09-28T16:02:10.100-0800][gc,cpu       ] GC(12) User=0.08s Sys=0.00s Real=0.02s
[2019-09-28T16:30:58.110-0800][gc,start     ] GC(13) Pause Young (Normal) (G1 Evacuation Pause)
[2019-09-28T16:30:58.112-0800][gc,task      ] GC(13) Using 8 workers of 8 for evacuation
[2019-09-28T16:30:58.160-0800][gc,phases    ] GC(13)   Pre Evacuate Collection Set: 0.0ms
[2019-09-28T16:30:58.160-0800][gc,phases    ] GC(13)   Evacuate Collection Set: 45.2ms
[2019-09-28T16:30:58.160-0800][gc,phases    ] GC(13)   Post Evacuate Collection Set: 1.4ms
[2019-09-28T16:30:58.160-0800][gc,phases    ] GC(13)   Other: 3.5ms
[2019-09-28T16:30:58.160-0800][gc,heap      ] GC(13) Eden regions: 239->0(239)
[2019-09-28T16:30:58.160-0800][gc,heap      ] GC(13) Survivor regions: 17->17(32)
[2019-09-28T16:30:58.160-0800][gc,heap      ] GC(13) Old regions: 20->20
[2019-09-28T16:30:58.160-0800][gc,heap      ] GC(13) Archive regions: 2->2
[2019-09-28T16:30:58.160-0800][gc,heap      ] GC(13) Humongous regions: 4->4
[2019-09-28T16:30:58.160-0800][gc,metaspace ] GC(13) Metaspace: 66067K->66067K(1110016K)
[2019-09-28T16:30:58.160-0800][gc           ] GC(13) Pause Young (Normal) (G1 Evacuation Pause) 279M->41M(512M) 50.200ms
[2019-09-28T16:30:58.160-0800][gc,cpu       ] GC(13) User=0.08s Sys=0.18s Real=0.05s
[2019-09-28T16:59:51.780-0800][gc,start     ] GC(14) Pause Young (Normal) (G1 Evacuation Pause)
[2019-09-28T16:59:51.781-0800][gc,task      ] GC(14) Using 8 workers of 8 for evacuation
[2019-09-28T16:59:51.793-0800][gc,phases    ] GC(14)   Pre Evacuate Collection Set: 0.0ms
[2019-09-28T16:59:51.793-0800][gc,phases    ] GC(14)   Evacuate Collection Set: 10.7ms
[2019-09-28T16:59:51.793-0800][gc,phases    ] GC(14)   Post Evacuate Collection Set: 1.2ms
[2019-09-28T16:59:51.793-0800][gc,phases    ] GC(14)   Other: 0.6ms
[2019-09-28T16:59:51.793-0800][gc,heap      ] GC(14) Eden regions: 239->0(240)
[2019-09-28T16:59:51.793-0800][gc,heap      ] GC(14) Survivor regions: 17->16(32)
[2019-09-28T16:59:51.793-0800][gc,heap      ] GC(14) Old regions: 20->20
[2019-09-28T16:59:51.793-0800][gc,heap      ] GC(14) Archive regions: 2->2
[2019-09-28T16:59:51.793-0800][gc,heap      ] GC(14) Humongous regions: 4->4
[2019-09-28T16:59:51.793-0800][gc,metaspace ] GC(14) Metaspace: 66087K->66087K(1110016K)
[2019-09-28T16:59:51.793-0800][gc           ] GC(14) Pause Young (Normal) (G1 Evacuation Pause) 280M->40M(512M) 12.558ms
[2019-09-28T16:59:51.793-0800][gc,cpu       ] GC(14) User=0.07s Sys=0.01s Real=0.01s
[2019-09-28T17:28:52.670-0800][gc,start     ] GC(15) Pause Young (Normal) (G1 Evacuation Pause)
[2019-09-28T17:28:52.670-0800][gc,task      ] GC(15) Using 8 workers of 8 for evacuation
[2019-09-28T17:28:52.681-0800][gc,phases    ] GC(15)   Pre Evacuate Collection Set: 0.0ms
[2019-09-28T17:28:52.681-0800][gc,phases    ] GC(15)   Evacuate Collection Set: 9.8ms
[2019-09-28T17:28:52.681-0800][gc,phases    ] GC(15)   Post Evacuate Collection Set: 1.0ms
[2019-09-28T17:28:52.681-0800][gc,phases    ] GC(15)   Other: 0.4ms
[2019-09-28T17:28:52.681-0800][gc,heap      ] GC(15) Eden regions: 240->0(240)
[2019-09-28T17:28:52.681-0800][gc,heap      ] GC(15) Survivor regions: 16->16(32)
[2019-09-28T17:28:52.681-0800][gc,heap      ] GC(15) Old regions: 20->20
[2019-09-28T17:28:52.681-0800][gc,heap      ] GC(15) Archive regions: 2->2
[2019-09-28T17:28:52.681-0800][gc,heap      ] GC(15) Humongous regions: 4->4
[2019-09-28T17:28:52.681-0800][gc,metaspace ] GC(15) Metaspace: 66105K->66105K(1110016K)
[2019-09-28T17:28:52.681-0800][gc           ] GC(15) Pause Young (Normal) (G1 Evacuation Pause) 280M->40M(512M) 11.383ms
[2019-09-28T17:28:52.681-0800][gc,cpu       ] GC(15) User=0.08s Sys=0.00s Real=0.01s
[2019-09-28T17:57:58.111-0800][gc,start     ] GC(16) Pause Young (Normal) (G1 Evacuation Pause)
[2019-09-28T17:57:58.111-0800][gc,task      ] GC(16) Using 8 workers of 8 for evacuation
[2019-09-28T17:57:58.146-0800][gc,phases    ] GC(16)   Pre Evacuate Collection Set: 0.0ms
[2019-09-28T17:57:58.146-0800][gc,phases    ] GC(16)   Evacuate Collection Set: 32.3ms
[2019-09-28T17:57:58.146-0800][gc,phases    ] GC(16)   Post Evacuate Collection Set: 1.6ms
[2019-09-28T17:57:58.146-0800][gc,phases    ] GC(16)   Other: 1.2ms
[2019-09-28T17:57:58.146-0800][gc,heap      ] GC(16) Eden regions: 240->0(239)
[2019-09-28T17:57:58.146-0800][gc,heap      ] GC(16) Survivor regions: 16->17(32)
[2019-09-28T17:57:58.146-0800][gc,heap      ] GC(16) Old regions: 20->20
[2019-09-28T17:57:58.146-0800][gc,heap      ] GC(16) Archive regions: 2->2
[2019-09-28T17:57:58.146-0800][gc,heap      ] GC(16) Humongous regions: 4->4
[2019-09-28T17:57:58.146-0800][gc,metaspace ] GC(16) Metaspace: 66119K->66119K(1110016K)
[2019-09-28T17:57:58.146-0800][gc           ] GC(16) Pause Young (Normal) (G1 Evacuation Pause) 280M->41M(512M) 35.151ms
[2019-09-28T17:57:58.146-0800][gc,cpu       ] GC(16) User=0.07s Sys=0.12s Real=0.03s
[2019-09-28T18:02:37.693-0800][gc,heap,exit ] Heap
[2019-09-28T18:02:37.693-0800][gc,heap,exit ]  garbage-first heap   total 524288K, used 62546K [0x00000007e0000000, 0x0000000800000000)
[2019-09-28T18:02:37.693-0800][gc,heap,exit ]   region size 1024K, 38 young (38912K), 17 survivors (17408K)
[2019-09-28T18:02:37.693-0800][gc,heap,exit ]  Metaspace       used 66371K, capacity 68274K, committed 68480K, reserved 1110016K
[2019-09-28T18:02:37.693-0800][gc,heap,exit ]   class space    used 7620K, capacity 8494K, committed 8576K, reserved 1048576K
