[2019-10-12T13:40:14.581-0800][gc,heap] Heap region size: 1M
[2019-10-12T13:40:14.586-0800][gc     ] Using G1
[2019-10-12T13:40:14.586-0800][gc,heap,coops] Heap address: 0x00000007e0000000, size: 512 MB, Compressed Oops mode: Zero based, Oop shift amount: 3
[2019-10-12T13:40:14.587-0800][gc,cds       ] Mark closed archive regions in map: [0x00000007fff00000, 0x00000007fff76ff8]
[2019-10-12T13:40:14.587-0800][gc,cds       ] Mark open archive regions in map: [0x00000007ffe00000, 0x00000007ffe46ff8]
[2019-10-12T13:40:14.605-0800][gc           ] Periodic GC disabled
[2019-10-12T13:40:16.287-0800][gc,start     ] GC(0) Pause Young (Normal) (G1 Evacuation Pause)
[2019-10-12T13:40:16.287-0800][gc,task      ] GC(0) Using 8 workers of 8 for evacuation
[2019-10-12T13:40:16.297-0800][gc,phases    ] GC(0)   Pre Evacuate Collection Set: 0.0ms
[2019-10-12T13:40:16.297-0800][gc,phases    ] GC(0)   Evacuate Collection Set: 8.4ms
[2019-10-12T13:40:16.297-0800][gc,phases    ] GC(0)   Post Evacuate Collection Set: 0.8ms
[2019-10-12T13:40:16.297-0800][gc,phases    ] GC(0)   Other: 0.6ms
[2019-10-12T13:40:16.297-0800][gc,heap      ] GC(0) Eden regions: 256->0(250)
[2019-10-12T13:40:16.297-0800][gc,heap      ] GC(0) Survivor regions: 0->6(32)
[2019-10-12T13:40:16.297-0800][gc,heap      ] GC(0) Old regions: 0->0
[2019-10-12T13:40:16.297-0800][gc,heap      ] GC(0) Archive regions: 2->2
[2019-10-12T13:40:16.297-0800][gc,heap      ] GC(0) Humongous regions: 0->0
[2019-10-12T13:40:16.297-0800][gc,metaspace ] GC(0) Metaspace: 15590K->15590K(1062912K)
[2019-10-12T13:40:16.297-0800][gc           ] GC(0) Pause Young (Normal) (G1 Evacuation Pause) 256M->6M(512M) 10.051ms
[2019-10-12T13:40:16.297-0800][gc,cpu       ] GC(0) User=0.05s Sys=0.01s Real=0.01s
[2019-10-12T13:40:16.724-0800][gc,start     ] GC(1) Pause Young (Concurrent Start) (Metadata GC Threshold)
[2019-10-12T13:40:16.724-0800][gc,task      ] GC(1) Using 8 workers of 8 for evacuation
[2019-10-12T13:40:16.733-0800][gc,phases    ] GC(1)   Pre Evacuate Collection Set: 0.1ms
[2019-10-12T13:40:16.733-0800][gc,phases    ] GC(1)   Evacuate Collection Set: 7.3ms
[2019-10-12T13:40:16.733-0800][gc,phases    ] GC(1)   Post Evacuate Collection Set: 0.8ms
[2019-10-12T13:40:16.733-0800][gc,phases    ] GC(1)   Other: 0.3ms
[2019-10-12T13:40:16.733-0800][gc,heap      ] GC(1) Eden regions: 73->0(248)
[2019-10-12T13:40:16.733-0800][gc,heap      ] GC(1) Survivor regions: 6->8(32)
[2019-10-12T13:40:16.733-0800][gc,heap      ] GC(1) Old regions: 0->0
[2019-10-12T13:40:16.733-0800][gc,heap      ] GC(1) Archive regions: 2->2
[2019-10-12T13:40:16.733-0800][gc,heap      ] GC(1) Humongous regions: 0->0
[2019-10-12T13:40:16.733-0800][gc,metaspace ] GC(1) Metaspace: 20600K->20600K(1067008K)
[2019-10-12T13:40:16.733-0800][gc           ] GC(1) Pause Young (Concurrent Start) (Metadata GC Threshold) 79M->8M(512M) 8.474ms
[2019-10-12T13:40:16.733-0800][gc,cpu       ] GC(1) User=0.04s Sys=0.00s Real=0.01s
[2019-10-12T13:40:16.733-0800][gc           ] GC(2) Concurrent Cycle
[2019-10-12T13:40:16.733-0800][gc,marking   ] GC(2) Concurrent Clear Claimed Marks
[2019-10-12T13:40:16.733-0800][gc,marking   ] GC(2) Concurrent Clear Claimed Marks 0.063ms
[2019-10-12T13:40:16.733-0800][gc,marking   ] GC(2) Concurrent Scan Root Regions
[2019-10-12T13:40:16.737-0800][gc,marking   ] GC(2) Concurrent Scan Root Regions 3.733ms
[2019-10-12T13:40:16.737-0800][gc,marking   ] GC(2) Concurrent Mark (2.163s)
[2019-10-12T13:40:16.737-0800][gc,marking   ] GC(2) Concurrent Mark From Roots
[2019-10-12T13:40:16.737-0800][gc,task      ] GC(2) Using 2 workers of 2 for marking
[2019-10-12T13:40:16.738-0800][gc,marking   ] GC(2) Concurrent Mark From Roots 0.910ms
[2019-10-12T13:40:16.738-0800][gc,marking   ] GC(2) Concurrent Preclean
[2019-10-12T13:40:16.738-0800][gc,marking   ] GC(2) Concurrent Preclean 0.028ms
[2019-10-12T13:40:16.738-0800][gc,marking   ] GC(2) Concurrent Mark (2.163s, 2.164s) 0.999ms
[2019-10-12T13:40:16.738-0800][gc,start     ] GC(2) Pause Remark
[2019-10-12T13:40:16.739-0800][gc           ] GC(2) Pause Remark 9M->9M(512M) 1.264ms
[2019-10-12T13:40:16.739-0800][gc,cpu       ] GC(2) User=0.01s Sys=0.00s Real=0.00s
[2019-10-12T13:40:16.739-0800][gc,marking   ] GC(2) Concurrent Rebuild Remembered Sets
[2019-10-12T13:40:16.740-0800][gc,marking   ] GC(2) Concurrent Rebuild Remembered Sets 0.561ms
[2019-10-12T13:40:16.740-0800][gc,start     ] GC(2) Pause Cleanup
[2019-10-12T13:40:16.740-0800][gc           ] GC(2) Pause Cleanup 9M->9M(512M) 0.084ms
[2019-10-12T13:40:16.741-0800][gc,cpu       ] GC(2) User=0.00s Sys=0.00s Real=0.00s
[2019-10-12T13:40:16.741-0800][gc,marking   ] GC(2) Concurrent Cleanup for Next Mark
[2019-10-12T13:40:16.744-0800][gc,marking   ] GC(2) Concurrent Cleanup for Next Mark 3.090ms
[2019-10-12T13:40:16.744-0800][gc           ] GC(2) Concurrent Cycle 10.788ms
[2019-10-12T13:40:17.921-0800][gc,start     ] GC(3) Pause Young (Normal) (G1 Evacuation Pause)
[2019-10-12T13:40:17.921-0800][gc,task      ] GC(3) Using 8 workers of 8 for evacuation
[2019-10-12T13:40:17.936-0800][gc,phases    ] GC(3)   Pre Evacuate Collection Set: 0.0ms
[2019-10-12T13:40:17.936-0800][gc,phases    ] GC(3)   Evacuate Collection Set: 13.9ms
[2019-10-12T13:40:17.936-0800][gc,phases    ] GC(3)   Post Evacuate Collection Set: 1.3ms
[2019-10-12T13:40:17.936-0800][gc,phases    ] GC(3)   Other: 0.2ms
[2019-10-12T13:40:17.936-0800][gc,heap      ] GC(3) Eden regions: 248->0(243)
[2019-10-12T13:40:17.936-0800][gc,heap      ] GC(3) Survivor regions: 8->13(32)
[2019-10-12T13:40:17.936-0800][gc,heap      ] GC(3) Old regions: 0->0
[2019-10-12T13:40:17.936-0800][gc,heap      ] GC(3) Archive regions: 2->2
[2019-10-12T13:40:17.936-0800][gc,heap      ] GC(3) Humongous regions: 0->0
[2019-10-12T13:40:17.936-0800][gc,metaspace ] GC(3) Metaspace: 25125K->25125K(1071104K)
[2019-10-12T13:40:17.936-0800][gc           ] GC(3) Pause Young (Normal) (G1 Evacuation Pause) 256M->13M(512M) 15.508ms
[2019-10-12T13:40:17.936-0800][gc,cpu       ] GC(3) User=0.11s Sys=0.00s Real=0.01s
[2019-10-12T13:40:19.310-0800][gc,start     ] GC(4) Pause Young (Concurrent Start) (Metadata GC Threshold)
[2019-10-12T13:40:19.310-0800][gc,task      ] GC(4) Using 8 workers of 8 for evacuation
[2019-10-12T13:40:19.334-0800][gc,phases    ] GC(4)   Pre Evacuate Collection Set: 0.1ms
[2019-10-12T13:40:19.334-0800][gc,phases    ] GC(4)   Evacuate Collection Set: 22.3ms
[2019-10-12T13:40:19.334-0800][gc,phases    ] GC(4)   Post Evacuate Collection Set: 1.6ms
[2019-10-12T13:40:19.334-0800][gc,phases    ] GC(4)   Other: 0.2ms
[2019-10-12T13:40:19.334-0800][gc,heap      ] GC(4) Eden regions: 159->0(234)
[2019-10-12T13:40:19.334-0800][gc,heap      ] GC(4) Survivor regions: 13->22(32)
[2019-10-12T13:40:19.334-0800][gc,heap      ] GC(4) Old regions: 0->0
[2019-10-12T13:40:19.334-0800][gc,heap      ] GC(4) Archive regions: 2->2
[2019-10-12T13:40:19.334-0800][gc,heap      ] GC(4) Humongous regions: 0->0
[2019-10-12T13:40:19.334-0800][gc,metaspace ] GC(4) Metaspace: 34804K->34804K(1081344K)
[2019-10-12T13:40:19.334-0800][gc           ] GC(4) Pause Young (Concurrent Start) (Metadata GC Threshold) 172M->22M(512M) 24.363ms
[2019-10-12T13:40:19.334-0800][gc,cpu       ] GC(4) User=0.10s Sys=0.01s Real=0.02s
[2019-10-12T13:40:19.334-0800][gc           ] GC(5) Concurrent Cycle
[2019-10-12T13:40:19.334-0800][gc,marking   ] GC(5) Concurrent Clear Claimed Marks
[2019-10-12T13:40:19.334-0800][gc,marking   ] GC(5) Concurrent Clear Claimed Marks 0.103ms
[2019-10-12T13:40:19.334-0800][gc,marking   ] GC(5) Concurrent Scan Root Regions
[2019-10-12T13:40:19.344-0800][gc,marking   ] GC(5) Concurrent Scan Root Regions 9.574ms
[2019-10-12T13:40:19.344-0800][gc,marking   ] GC(5) Concurrent Mark (4.770s)
[2019-10-12T13:40:19.344-0800][gc,marking   ] GC(5) Concurrent Mark From Roots
[2019-10-12T13:40:19.344-0800][gc,task      ] GC(5) Using 2 workers of 2 for marking
[2019-10-12T13:40:19.345-0800][gc,marking   ] GC(5) Concurrent Mark From Roots 1.323ms
[2019-10-12T13:40:19.346-0800][gc,marking   ] GC(5) Concurrent Preclean
[2019-10-12T13:40:19.346-0800][gc,marking   ] GC(5) Concurrent Preclean 0.034ms
[2019-10-12T13:40:19.346-0800][gc,marking   ] GC(5) Concurrent Mark (4.770s, 4.771s) 1.438ms
[2019-10-12T13:40:19.346-0800][gc,start     ] GC(5) Pause Remark
[2019-10-12T13:40:19.348-0800][gc           ] GC(5) Pause Remark 23M->23M(512M) 2.753ms
[2019-10-12T13:40:19.349-0800][gc,cpu       ] GC(5) User=0.02s Sys=0.00s Real=0.00s
[2019-10-12T13:40:19.349-0800][gc,marking   ] GC(5) Concurrent Rebuild Remembered Sets
[2019-10-12T13:40:19.349-0800][gc,marking   ] GC(5) Concurrent Rebuild Remembered Sets 0.484ms
[2019-10-12T13:40:19.350-0800][gc,start     ] GC(5) Pause Cleanup
[2019-10-12T13:40:19.350-0800][gc           ] GC(5) Pause Cleanup 23M->23M(512M) 0.115ms
[2019-10-12T13:40:19.350-0800][gc,cpu       ] GC(5) User=0.00s Sys=0.00s Real=0.00s
[2019-10-12T13:40:19.350-0800][gc,marking   ] GC(5) Concurrent Cleanup for Next Mark
[2019-10-12T13:40:19.353-0800][gc,marking   ] GC(5) Concurrent Cleanup for Next Mark 2.956ms
[2019-10-12T13:40:19.353-0800][gc           ] GC(5) Concurrent Cycle 18.904ms
[2019-10-12T13:40:21.780-0800][gc,start     ] GC(6) Pause Young (Normal) (G1 Evacuation Pause)
[2019-10-12T13:40:21.780-0800][gc,task      ] GC(6) Using 8 workers of 8 for evacuation
[2019-10-12T13:40:21.807-0800][gc,phases    ] GC(6)   Pre Evacuate Collection Set: 0.0ms
[2019-10-12T13:40:21.807-0800][gc,phases    ] GC(6)   Evacuate Collection Set: 24.1ms
[2019-10-12T13:40:21.807-0800][gc,phases    ] GC(6)   Post Evacuate Collection Set: 2.3ms
[2019-10-12T13:40:21.807-0800][gc,phases    ] GC(6)   Other: 0.2ms
[2019-10-12T13:40:21.807-0800][gc,heap      ] GC(6) Eden regions: 234->0(231)
[2019-10-12T13:40:21.807-0800][gc,heap      ] GC(6) Survivor regions: 22->25(32)
[2019-10-12T13:40:21.807-0800][gc,heap      ] GC(6) Old regions: 0->6
[2019-10-12T13:40:21.807-0800][gc,heap      ] GC(6) Archive regions: 2->2
[2019-10-12T13:40:21.807-0800][gc,heap      ] GC(6) Humongous regions: 0->0
[2019-10-12T13:40:21.807-0800][gc,metaspace ] GC(6) Metaspace: 51903K->51903K(1095680K)
[2019-10-12T13:40:21.807-0800][gc           ] GC(6) Pause Young (Normal) (G1 Evacuation Pause) 256M->30M(512M) 26.885ms
[2019-10-12T13:40:21.807-0800][gc,cpu       ] GC(6) User=0.18s Sys=0.01s Real=0.02s
[2019-10-12T13:40:23.016-0800][gc,start     ] GC(7) Pause Young (Concurrent Start) (Metadata GC Threshold)
[2019-10-12T13:40:23.017-0800][gc,task      ] GC(7) Using 8 workers of 8 for evacuation
[2019-10-12T13:40:23.045-0800][gc,phases    ] GC(7)   Pre Evacuate Collection Set: 0.1ms
[2019-10-12T13:40:23.045-0800][gc,phases    ] GC(7)   Evacuate Collection Set: 26.6ms
[2019-10-12T13:40:23.045-0800][gc,phases    ] GC(7)   Post Evacuate Collection Set: 1.2ms
[2019-10-12T13:40:23.045-0800][gc,phases    ] GC(7)   Other: 0.2ms
[2019-10-12T13:40:23.045-0800][gc,heap      ] GC(7) Eden regions: 141->0(240)
[2019-10-12T13:40:23.045-0800][gc,heap      ] GC(7) Survivor regions: 25->16(32)
[2019-10-12T13:40:23.045-0800][gc,heap      ] GC(7) Old regions: 6->20
[2019-10-12T13:40:23.045-0800][gc,heap      ] GC(7) Archive regions: 2->2
[2019-10-12T13:40:23.045-0800][gc,heap      ] GC(7) Humongous regions: 0->0
[2019-10-12T13:40:23.045-0800][gc,metaspace ] GC(7) Metaspace: 58527K->58527K(1101824K)
[2019-10-12T13:40:23.045-0800][gc           ] GC(7) Pause Young (Concurrent Start) (Metadata GC Threshold) 171M->35M(512M) 28.178ms
[2019-10-12T13:40:23.045-0800][gc,cpu       ] GC(7) User=0.17s Sys=0.00s Real=0.03s
[2019-10-12T13:40:23.045-0800][gc           ] GC(8) Concurrent Cycle
[2019-10-12T13:40:23.045-0800][gc,marking   ] GC(8) Concurrent Clear Claimed Marks
[2019-10-12T13:40:23.045-0800][gc,marking   ] GC(8) Concurrent Clear Claimed Marks 0.152ms
[2019-10-12T13:40:23.045-0800][gc,marking   ] GC(8) Concurrent Scan Root Regions
[2019-10-12T13:40:23.059-0800][gc,marking   ] GC(8) Concurrent Scan Root Regions 14.343ms
[2019-10-12T13:40:23.059-0800][gc,marking   ] GC(8) Concurrent Mark (8.485s)
[2019-10-12T13:40:23.059-0800][gc,marking   ] GC(8) Concurrent Mark From Roots
[2019-10-12T13:40:23.059-0800][gc,task      ] GC(8) Using 2 workers of 2 for marking
[2019-10-12T13:40:23.067-0800][gc,marking   ] GC(8) Concurrent Mark From Roots 8.131ms
[2019-10-12T13:40:23.068-0800][gc,marking   ] GC(8) Concurrent Preclean
[2019-10-12T13:40:23.068-0800][gc,marking   ] GC(8) Concurrent Preclean 0.099ms
[2019-10-12T13:40:23.068-0800][gc,marking   ] GC(8) Concurrent Mark (8.485s, 8.494s) 8.325ms
[2019-10-12T13:40:23.068-0800][gc,start     ] GC(8) Pause Remark
[2019-10-12T13:40:23.074-0800][gc           ] GC(8) Pause Remark 40M->40M(512M) 5.725ms
[2019-10-12T13:40:23.074-0800][gc,cpu       ] GC(8) User=0.04s Sys=0.01s Real=0.01s
[2019-10-12T13:40:23.074-0800][gc,marking   ] GC(8) Concurrent Rebuild Remembered Sets
[2019-10-12T13:40:23.086-0800][gc,marking   ] GC(8) Concurrent Rebuild Remembered Sets 11.615ms
[2019-10-12T13:40:23.086-0800][gc,start     ] GC(8) Pause Cleanup
[2019-10-12T13:40:23.086-0800][gc           ] GC(8) Pause Cleanup 42M->42M(512M) 0.102ms
[2019-10-12T13:40:23.086-0800][gc,cpu       ] GC(8) User=0.00s Sys=0.00s Real=0.00s
[2019-10-12T13:40:23.086-0800][gc,marking   ] GC(8) Concurrent Cleanup for Next Mark
[2019-10-12T13:40:23.087-0800][gc,marking   ] GC(8) Concurrent Cleanup for Next Mark 0.769ms
[2019-10-12T13:40:23.087-0800][gc           ] GC(8) Concurrent Cycle 42.402ms
[2019-10-12T14:00:31.870-0800][gc,start     ] GC(9) Pause Young (Normal) (G1 Evacuation Pause)
[2019-10-12T14:00:31.870-0800][gc,task      ] GC(9) Using 8 workers of 8 for evacuation
[2019-10-12T14:00:31.882-0800][gc,phases    ] GC(9)   Pre Evacuate Collection Set: 0.0ms
[2019-10-12T14:00:31.882-0800][gc,phases    ] GC(9)   Evacuate Collection Set: 10.7ms
[2019-10-12T14:00:31.882-0800][gc,phases    ] GC(9)   Post Evacuate Collection Set: 1.2ms
[2019-10-12T14:00:31.882-0800][gc,phases    ] GC(9)   Other: 0.3ms
[2019-10-12T14:00:31.882-0800][gc,heap      ] GC(9) Eden regions: 240->0(239)
[2019-10-12T14:00:31.882-0800][gc,heap      ] GC(9) Survivor regions: 16->17(32)
[2019-10-12T14:00:31.883-0800][gc,heap      ] GC(9) Old regions: 20->20
[2019-10-12T14:00:31.883-0800][gc,heap      ] GC(9) Archive regions: 2->2
[2019-10-12T14:00:31.883-0800][gc,heap      ] GC(9) Humongous regions: 4->4
[2019-10-12T14:00:31.883-0800][gc,metaspace ] GC(9) Metaspace: 66245K->66245K(1110016K)
[2019-10-12T14:00:31.883-0800][gc           ] GC(9) Pause Young (Normal) (G1 Evacuation Pause) 279M->40M(512M) 12.515ms
[2019-10-12T14:00:31.883-0800][gc,cpu       ] GC(9) User=0.09s Sys=0.00s Real=0.01s
