[2019-10-11T11:29:04.008-0800][gc,heap] Heap region size: 1M
[2019-10-11T11:29:04.012-0800][gc     ] Using G1
[2019-10-11T11:29:04.012-0800][gc,heap,coops] Heap address: 0x00000007e0000000, size: 512 MB, Compressed Oops mode: Zero based, Oop shift amount: 3
[2019-10-11T11:29:04.013-0800][gc,cds       ] Mark closed archive regions in map: [0x00000007fff00000, 0x00000007fff76ff8]
[2019-10-11T11:29:04.013-0800][gc,cds       ] Mark open archive regions in map: [0x00000007ffe00000, 0x00000007ffe46ff8]
[2019-10-11T11:29:04.029-0800][gc           ] Periodic GC disabled
[2019-10-11T11:29:05.730-0800][gc,start     ] GC(0) Pause Young (Normal) (G1 Evacuation Pause)
[2019-10-11T11:29:05.731-0800][gc,task      ] GC(0) Using 8 workers of 8 for evacuation
[2019-10-11T11:29:05.740-0800][gc,phases    ] GC(0)   Pre Evacuate Collection Set: 0.0ms
[2019-10-11T11:29:05.740-0800][gc,phases    ] GC(0)   Evacuate Collection Set: 8.3ms
[2019-10-11T11:29:05.740-0800][gc,phases    ] GC(0)   Post Evacuate Collection Set: 1.0ms
[2019-10-11T11:29:05.740-0800][gc,phases    ] GC(0)   Other: 0.6ms
[2019-10-11T11:29:05.740-0800][gc,heap      ] GC(0) Eden regions: 256->0(250)
[2019-10-11T11:29:05.740-0800][gc,heap      ] GC(0) Survivor regions: 0->6(32)
[2019-10-11T11:29:05.740-0800][gc,heap      ] GC(0) Old regions: 0->0
[2019-10-11T11:29:05.740-0800][gc,heap      ] GC(0) Archive regions: 2->2
[2019-10-11T11:29:05.740-0800][gc,heap      ] GC(0) Humongous regions: 0->0
[2019-10-11T11:29:05.740-0800][gc,metaspace ] GC(0) Metaspace: 16653K->16653K(1064960K)
[2019-10-11T11:29:05.740-0800][gc           ] GC(0) Pause Young (Normal) (G1 Evacuation Pause) 256M->6M(512M) 10.081ms
[2019-10-11T11:29:05.740-0800][gc,cpu       ] GC(0) User=0.03s Sys=0.01s Real=0.01s
[2019-10-11T11:29:06.160-0800][gc,start     ] GC(1) Pause Young (Concurrent Start) (Metadata GC Threshold)
[2019-10-11T11:29:06.160-0800][gc,task      ] GC(1) Using 8 workers of 8 for evacuation
[2019-10-11T11:29:06.168-0800][gc,phases    ] GC(1)   Pre Evacuate Collection Set: 0.1ms
[2019-10-11T11:29:06.168-0800][gc,phases    ] GC(1)   Evacuate Collection Set: 7.7ms
[2019-10-11T11:29:06.168-0800][gc,phases    ] GC(1)   Post Evacuate Collection Set: 0.6ms
[2019-10-11T11:29:06.169-0800][gc,phases    ] GC(1)   Other: 0.3ms
[2019-10-11T11:29:06.169-0800][gc,heap      ] GC(1) Eden regions: 67->0(248)
[2019-10-11T11:29:06.169-0800][gc,heap      ] GC(1) Survivor regions: 6->8(32)
[2019-10-11T11:29:06.169-0800][gc,heap      ] GC(1) Old regions: 0->0
[2019-10-11T11:29:06.169-0800][gc,heap      ] GC(1) Archive regions: 2->2
[2019-10-11T11:29:06.169-0800][gc,heap      ] GC(1) Humongous regions: 0->0
[2019-10-11T11:29:06.169-0800][gc,metaspace ] GC(1) Metaspace: 20586K->20586K(1067008K)
[2019-10-11T11:29:06.169-0800][gc           ] GC(1) Pause Young (Concurrent Start) (Metadata GC Threshold) 73M->8M(512M) 8.956ms
[2019-10-11T11:29:06.169-0800][gc,cpu       ] GC(1) User=0.05s Sys=0.00s Real=0.00s
[2019-10-11T11:29:06.169-0800][gc           ] GC(2) Concurrent Cycle
[2019-10-11T11:29:06.169-0800][gc,marking   ] GC(2) Concurrent Clear Claimed Marks
[2019-10-11T11:29:06.169-0800][gc,marking   ] GC(2) Concurrent Clear Claimed Marks 0.059ms
[2019-10-11T11:29:06.169-0800][gc,marking   ] GC(2) Concurrent Scan Root Regions
[2019-10-11T11:29:06.173-0800][gc,marking   ] GC(2) Concurrent Scan Root Regions 3.922ms
[2019-10-11T11:29:06.173-0800][gc,marking   ] GC(2) Concurrent Mark (2.172s)
[2019-10-11T11:29:06.173-0800][gc,marking   ] GC(2) Concurrent Mark From Roots
[2019-10-11T11:29:06.173-0800][gc,task      ] GC(2) Using 2 workers of 2 for marking
[2019-10-11T11:29:06.174-0800][gc,marking   ] GC(2) Concurrent Mark From Roots 0.947ms
[2019-10-11T11:29:06.174-0800][gc,marking   ] GC(2) Concurrent Preclean
[2019-10-11T11:29:06.174-0800][gc,marking   ] GC(2) Concurrent Preclean 0.040ms
[2019-10-11T11:29:06.174-0800][gc,marking   ] GC(2) Concurrent Mark (2.172s, 2.173s) 1.067ms
[2019-10-11T11:29:06.174-0800][gc,start     ] GC(2) Pause Remark
[2019-10-11T11:29:06.175-0800][gc           ] GC(2) Pause Remark 8M->8M(512M) 1.076ms
[2019-10-11T11:29:06.175-0800][gc,cpu       ] GC(2) User=0.01s Sys=0.00s Real=0.00s
[2019-10-11T11:29:06.177-0800][gc,marking   ] GC(2) Concurrent Rebuild Remembered Sets
[2019-10-11T11:29:06.178-0800][gc,marking   ] GC(2) Concurrent Rebuild Remembered Sets 0.630ms
[2019-10-11T11:29:06.178-0800][gc,start     ] GC(2) Pause Cleanup
[2019-10-11T11:29:06.178-0800][gc           ] GC(2) Pause Cleanup 8M->8M(512M) 0.080ms
[2019-10-11T11:29:06.178-0800][gc,cpu       ] GC(2) User=0.00s Sys=0.00s Real=0.00s
[2019-10-11T11:29:06.179-0800][gc,marking   ] GC(2) Concurrent Cleanup for Next Mark
[2019-10-11T11:29:06.181-0800][gc,marking   ] GC(2) Concurrent Cleanup for Next Mark 2.525ms
[2019-10-11T11:29:06.181-0800][gc           ] GC(2) Concurrent Cycle 12.516ms
[2019-10-11T11:29:07.944-0800][gc,start     ] GC(3) Pause Young (Normal) (G1 Evacuation Pause)
[2019-10-11T11:29:07.944-0800][gc,task      ] GC(3) Using 8 workers of 8 for evacuation
[2019-10-11T11:29:07.955-0800][gc,phases    ] GC(3)   Pre Evacuate Collection Set: 0.0ms
[2019-10-11T11:29:07.955-0800][gc,phases    ] GC(3)   Evacuate Collection Set: 10.1ms
[2019-10-11T11:29:07.955-0800][gc,phases    ] GC(3)   Post Evacuate Collection Set: 1.2ms
[2019-10-11T11:29:07.955-0800][gc,phases    ] GC(3)   Other: 0.2ms
[2019-10-11T11:29:07.955-0800][gc,heap      ] GC(3) Eden regions: 248->0(243)
[2019-10-11T11:29:07.955-0800][gc,heap      ] GC(3) Survivor regions: 8->13(32)
[2019-10-11T11:29:07.955-0800][gc,heap      ] GC(3) Old regions: 0->0
[2019-10-11T11:29:07.955-0800][gc,heap      ] GC(3) Archive regions: 2->2
[2019-10-11T11:29:07.955-0800][gc,heap      ] GC(3) Humongous regions: 0->0
[2019-10-11T11:29:07.955-0800][gc,metaspace ] GC(3) Metaspace: 25177K->25177K(1073152K)
[2019-10-11T11:29:07.955-0800][gc           ] GC(3) Pause Young (Normal) (G1 Evacuation Pause) 256M->13M(512M) 11.700ms
[2019-10-11T11:29:07.955-0800][gc,cpu       ] GC(3) User=0.07s Sys=0.00s Real=0.01s
[2019-10-11T11:29:10.125-0800][gc,start     ] GC(4) Pause Young (Concurrent Start) (Metadata GC Threshold)
[2019-10-11T11:29:10.125-0800][gc,task      ] GC(4) Using 8 workers of 8 for evacuation
[2019-10-11T11:29:10.154-0800][gc,phases    ] GC(4)   Pre Evacuate Collection Set: 0.1ms
[2019-10-11T11:29:10.154-0800][gc,phases    ] GC(4)   Evacuate Collection Set: 26.9ms
[2019-10-11T11:29:10.154-0800][gc,phases    ] GC(4)   Post Evacuate Collection Set: 1.5ms
[2019-10-11T11:29:10.154-0800][gc,phases    ] GC(4)   Other: 0.2ms
[2019-10-11T11:29:10.154-0800][gc,heap      ] GC(4) Eden regions: 156->0(234)
[2019-10-11T11:29:10.154-0800][gc,heap      ] GC(4) Survivor regions: 13->22(32)
[2019-10-11T11:29:10.154-0800][gc,heap      ] GC(4) Old regions: 0->0
[2019-10-11T11:29:10.154-0800][gc,heap      ] GC(4) Archive regions: 2->2
[2019-10-11T11:29:10.154-0800][gc,heap      ] GC(4) Humongous regions: 0->0
[2019-10-11T11:29:10.154-0800][gc,metaspace ] GC(4) Metaspace: 34813K->34813K(1081344K)
[2019-10-11T11:29:10.154-0800][gc           ] GC(4) Pause Young (Concurrent Start) (Metadata GC Threshold) 169M->22M(512M) 28.920ms
[2019-10-11T11:29:10.154-0800][gc,cpu       ] GC(4) User=0.13s Sys=0.00s Real=0.03s
[2019-10-11T11:29:10.154-0800][gc           ] GC(5) Concurrent Cycle
[2019-10-11T11:29:10.154-0800][gc,marking   ] GC(5) Concurrent Clear Claimed Marks
[2019-10-11T11:29:10.154-0800][gc,marking   ] GC(5) Concurrent Clear Claimed Marks 0.087ms
[2019-10-11T11:29:10.154-0800][gc,marking   ] GC(5) Concurrent Scan Root Regions
[2019-10-11T11:29:10.165-0800][gc,marking   ] GC(5) Concurrent Scan Root Regions 10.861ms
[2019-10-11T11:29:10.165-0800][gc,marking   ] GC(5) Concurrent Mark (6.164s)
[2019-10-11T11:29:10.165-0800][gc,marking   ] GC(5) Concurrent Mark From Roots
[2019-10-11T11:29:10.165-0800][gc,task      ] GC(5) Using 2 workers of 2 for marking
[2019-10-11T11:29:10.166-0800][gc,marking   ] GC(5) Concurrent Mark From Roots 1.448ms
[2019-10-11T11:29:10.166-0800][gc,marking   ] GC(5) Concurrent Preclean
[2019-10-11T11:29:10.167-0800][gc,marking   ] GC(5) Concurrent Preclean 0.056ms
[2019-10-11T11:29:10.167-0800][gc,marking   ] GC(5) Concurrent Mark (6.164s, 6.166s) 1.571ms
[2019-10-11T11:29:10.167-0800][gc,start     ] GC(5) Pause Remark
[2019-10-11T11:29:10.169-0800][gc           ] GC(5) Pause Remark 23M->23M(512M) 1.834ms
[2019-10-11T11:29:10.169-0800][gc,cpu       ] GC(5) User=0.01s Sys=0.00s Real=0.00s
[2019-10-11T11:29:10.169-0800][gc,marking   ] GC(5) Concurrent Rebuild Remembered Sets
[2019-10-11T11:29:10.170-0800][gc,marking   ] GC(5) Concurrent Rebuild Remembered Sets 0.597ms
[2019-10-11T11:29:10.170-0800][gc,start     ] GC(5) Pause Cleanup
[2019-10-11T11:29:10.170-0800][gc           ] GC(5) Pause Cleanup 23M->23M(512M) 0.100ms
[2019-10-11T11:29:10.170-0800][gc,cpu       ] GC(5) User=0.00s Sys=0.00s Real=0.00s
[2019-10-11T11:29:10.170-0800][gc,marking   ] GC(5) Concurrent Cleanup for Next Mark
[2019-10-11T11:29:10.174-0800][gc,marking   ] GC(5) Concurrent Cleanup for Next Mark 4.015ms
[2019-10-11T11:29:10.174-0800][gc           ] GC(5) Concurrent Cycle 20.189ms
[2019-10-11T11:29:13.165-0800][gc,start     ] GC(6) Pause Young (Normal) (G1 Evacuation Pause)
[2019-10-11T11:29:13.165-0800][gc,task      ] GC(6) Using 8 workers of 8 for evacuation
[2019-10-11T11:29:13.189-0800][gc,phases    ] GC(6)   Pre Evacuate Collection Set: 0.0ms
[2019-10-11T11:29:13.189-0800][gc,phases    ] GC(6)   Evacuate Collection Set: 22.6ms
[2019-10-11T11:29:13.190-0800][gc,phases    ] GC(6)   Post Evacuate Collection Set: 2.0ms
[2019-10-11T11:29:13.190-0800][gc,phases    ] GC(6)   Other: 0.3ms
[2019-10-11T11:29:13.190-0800][gc,heap      ] GC(6) Eden regions: 234->0(231)
[2019-10-11T11:29:13.190-0800][gc,heap      ] GC(6) Survivor regions: 22->25(32)
[2019-10-11T11:29:13.190-0800][gc,heap      ] GC(6) Old regions: 0->6
[2019-10-11T11:29:13.190-0800][gc,heap      ] GC(6) Archive regions: 2->2
[2019-10-11T11:29:13.190-0800][gc,heap      ] GC(6) Humongous regions: 0->0
[2019-10-11T11:29:13.190-0800][gc,metaspace ] GC(6) Metaspace: 52296K->52296K(1095680K)
[2019-10-11T11:29:13.190-0800][gc           ] GC(6) Pause Young (Normal) (G1 Evacuation Pause) 256M->31M(512M) 24.945ms
[2019-10-11T11:29:13.190-0800][gc,cpu       ] GC(6) User=0.17s Sys=0.01s Real=0.03s
[2019-10-11T11:29:14.507-0800][gc,start     ] GC(7) Pause Young (Concurrent Start) (Metadata GC Threshold)
[2019-10-11T11:29:14.507-0800][gc,task      ] GC(7) Using 8 workers of 8 for evacuation
[2019-10-11T11:29:14.543-0800][gc,phases    ] GC(7)   Pre Evacuate Collection Set: 0.1ms
[2019-10-11T11:29:14.544-0800][gc,phases    ] GC(7)   Evacuate Collection Set: 34.3ms
[2019-10-11T11:29:14.544-0800][gc,phases    ] GC(7)   Post Evacuate Collection Set: 1.4ms
[2019-10-11T11:29:14.544-0800][gc,phases    ] GC(7)   Other: 0.3ms
[2019-10-11T11:29:14.544-0800][gc,heap      ] GC(7) Eden regions: 130->0(241)
[2019-10-11T11:29:14.544-0800][gc,heap      ] GC(7) Survivor regions: 25->15(32)
[2019-10-11T11:29:14.544-0800][gc,heap      ] GC(7) Old regions: 6->20
[2019-10-11T11:29:14.544-0800][gc,heap      ] GC(7) Archive regions: 2->2
[2019-10-11T11:29:14.544-0800][gc,heap      ] GC(7) Humongous regions: 0->0
[2019-10-11T11:29:14.544-0800][gc,metaspace ] GC(7) Metaspace: 58395K->58395K(1101824K)
[2019-10-11T11:29:14.544-0800][gc           ] GC(7) Pause Young (Concurrent Start) (Metadata GC Threshold) 161M->35M(512M) 36.221ms
[2019-10-11T11:29:14.544-0800][gc,cpu       ] GC(7) User=0.15s Sys=0.01s Real=0.04s
[2019-10-11T11:29:14.544-0800][gc           ] GC(8) Concurrent Cycle
[2019-10-11T11:29:14.544-0800][gc,marking   ] GC(8) Concurrent Clear Claimed Marks
[2019-10-11T11:29:14.544-0800][gc,marking   ] GC(8) Concurrent Clear Claimed Marks 0.136ms
[2019-10-11T11:29:14.544-0800][gc,marking   ] GC(8) Concurrent Scan Root Regions
[2019-10-11T11:29:14.560-0800][gc,marking   ] GC(8) Concurrent Scan Root Regions 16.401ms
[2019-10-11T11:29:14.560-0800][gc,marking   ] GC(8) Concurrent Mark (10.559s)
[2019-10-11T11:29:14.560-0800][gc,marking   ] GC(8) Concurrent Mark From Roots
[2019-10-11T11:29:14.560-0800][gc,task      ] GC(8) Using 2 workers of 2 for marking
[2019-10-11T11:29:14.569-0800][gc,marking   ] GC(8) Concurrent Mark From Roots 8.589ms
[2019-10-11T11:29:14.569-0800][gc,marking   ] GC(8) Concurrent Preclean
[2019-10-11T11:29:14.569-0800][gc,marking   ] GC(8) Concurrent Preclean 0.112ms
[2019-10-11T11:29:14.569-0800][gc,marking   ] GC(8) Concurrent Mark (10.559s, 10.568s) 8.785ms
[2019-10-11T11:29:14.569-0800][gc,start     ] GC(8) Pause Remark
[2019-10-11T11:29:14.575-0800][gc           ] GC(8) Pause Remark 40M->40M(512M) 5.643ms
[2019-10-11T11:29:14.575-0800][gc,cpu       ] GC(8) User=0.04s Sys=0.00s Real=0.01s
[2019-10-11T11:29:14.575-0800][gc,marking   ] GC(8) Concurrent Rebuild Remembered Sets
[2019-10-11T11:29:14.589-0800][gc,marking   ] GC(8) Concurrent Rebuild Remembered Sets 13.485ms
[2019-10-11T11:29:14.589-0800][gc,start     ] GC(8) Pause Cleanup
[2019-10-11T11:29:14.589-0800][gc           ] GC(8) Pause Cleanup 41M->41M(512M) 0.124ms
[2019-10-11T11:29:14.589-0800][gc,cpu       ] GC(8) User=0.00s Sys=0.00s Real=0.00s
[2019-10-11T11:29:14.589-0800][gc,marking   ] GC(8) Concurrent Cleanup for Next Mark
[2019-10-11T11:29:14.590-0800][gc,marking   ] GC(8) Concurrent Cleanup for Next Mark 0.848ms
[2019-10-11T11:29:14.590-0800][gc           ] GC(8) Concurrent Cycle 46.675ms
[2019-10-11T11:57:22.561-0800][gc,start     ] GC(9) Pause Young (Normal) (G1 Evacuation Pause)
[2019-10-11T11:57:22.567-0800][gc,task      ] GC(9) Using 8 workers of 8 for evacuation
[2019-10-11T11:57:22.580-0800][gc,phases    ] GC(9)   Pre Evacuate Collection Set: 0.0ms
[2019-10-11T11:57:22.580-0800][gc,phases    ] GC(9)   Evacuate Collection Set: 11.7ms
[2019-10-11T11:57:22.580-0800][gc,phases    ] GC(9)   Post Evacuate Collection Set: 1.2ms
[2019-10-11T11:57:22.580-0800][gc,phases    ] GC(9)   Other: 6.1ms
[2019-10-11T11:57:22.580-0800][gc,heap      ] GC(9) Eden regions: 241->0(239)
[2019-10-11T11:57:22.580-0800][gc,heap      ] GC(9) Survivor regions: 15->17(32)
[2019-10-11T11:57:22.580-0800][gc,heap      ] GC(9) Old regions: 20->20
[2019-10-11T11:57:22.580-0800][gc,heap      ] GC(9) Archive regions: 2->2
[2019-10-11T11:57:22.580-0800][gc,heap      ] GC(9) Humongous regions: 4->4
[2019-10-11T11:57:22.580-0800][gc,metaspace ] GC(9) Metaspace: 65250K->65250K(1107968K)
[2019-10-11T11:57:22.580-0800][gc           ] GC(9) Pause Young (Normal) (G1 Evacuation Pause) 280M->40M(512M) 19.149ms
[2019-10-11T11:57:22.580-0800][gc,cpu       ] GC(9) User=0.09s Sys=0.00s Real=0.02s
[2019-10-11T12:24:56.293-0800][gc,start     ] GC(10) Pause Young (Normal) (G1 Evacuation Pause)
[2019-10-11T12:24:56.294-0800][gc,task      ] GC(10) Using 8 workers of 8 for evacuation
[2019-10-11T12:24:56.304-0800][gc,phases    ] GC(10)   Pre Evacuate Collection Set: 0.0ms
[2019-10-11T12:24:56.304-0800][gc,phases    ] GC(10)   Evacuate Collection Set: 8.6ms
[2019-10-11T12:24:56.304-0800][gc,phases    ] GC(10)   Post Evacuate Collection Set: 1.3ms
[2019-10-11T12:24:56.304-0800][gc,phases    ] GC(10)   Other: 0.7ms
[2019-10-11T12:24:56.304-0800][gc,heap      ] GC(10) Eden regions: 239->0(241)
[2019-10-11T12:24:56.304-0800][gc,heap      ] GC(10) Survivor regions: 17->15(32)
[2019-10-11T12:24:56.304-0800][gc,heap      ] GC(10) Old regions: 20->20
[2019-10-11T12:24:56.304-0800][gc,heap      ] GC(10) Archive regions: 2->2
[2019-10-11T12:24:56.304-0800][gc,heap      ] GC(10) Humongous regions: 4->4
[2019-10-11T12:24:56.304-0800][gc,metaspace ] GC(10) Metaspace: 65594K->65594K(1107968K)
[2019-10-11T12:24:56.304-0800][gc           ] GC(10) Pause Young (Normal) (G1 Evacuation Pause) 279M->39M(512M) 10.800ms
[2019-10-11T12:24:56.304-0800][gc,cpu       ] GC(10) User=0.06s Sys=0.00s Real=0.01s
[2019-10-11T12:53:18.986-0800][gc,start     ] GC(11) Pause Young (Normal) (G1 Evacuation Pause)
[2019-10-11T12:53:18.986-0800][gc,task      ] GC(11) Using 8 workers of 8 for evacuation
[2019-10-11T12:53:18.996-0800][gc,phases    ] GC(11)   Pre Evacuate Collection Set: 0.0ms
[2019-10-11T12:53:18.996-0800][gc,phases    ] GC(11)   Evacuate Collection Set: 8.5ms
[2019-10-11T12:53:18.996-0800][gc,phases    ] GC(11)   Post Evacuate Collection Set: 1.1ms
[2019-10-11T12:53:18.996-0800][gc,phases    ] GC(11)   Other: 0.7ms
[2019-10-11T12:53:18.996-0800][gc,heap      ] GC(11) Eden regions: 241->0(240)
[2019-10-11T12:53:18.996-0800][gc,heap      ] GC(11) Survivor regions: 15->16(32)
[2019-10-11T12:53:18.996-0800][gc,heap      ] GC(11) Old regions: 20->20
[2019-10-11T12:53:18.996-0800][gc,heap      ] GC(11) Archive regions: 2->2
[2019-10-11T12:53:18.996-0800][gc,heap      ] GC(11) Humongous regions: 4->4
[2019-10-11T12:53:18.996-0800][gc,metaspace ] GC(11) Metaspace: 65734K->65734K(1107968K)
[2019-10-11T12:53:18.996-0800][gc           ] GC(11) Pause Young (Normal) (G1 Evacuation Pause) 280M->39M(512M) 10.747ms
[2019-10-11T12:53:18.996-0800][gc,cpu       ] GC(11) User=0.07s Sys=0.00s Real=0.01s
[2019-10-11T13:21:59.888-0800][gc,start     ] GC(12) Pause Young (Normal) (G1 Evacuation Pause)
[2019-10-11T13:21:59.893-0800][gc,task      ] GC(12) Using 8 workers of 8 for evacuation
[2019-10-11T13:21:59.904-0800][gc,phases    ] GC(12)   Pre Evacuate Collection Set: 0.0ms
[2019-10-11T13:21:59.904-0800][gc,phases    ] GC(12)   Evacuate Collection Set: 9.1ms
[2019-10-11T13:21:59.904-0800][gc,phases    ] GC(12)   Post Evacuate Collection Set: 1.0ms
[2019-10-11T13:21:59.904-0800][gc,phases    ] GC(12)   Other: 5.7ms
[2019-10-11T13:21:59.904-0800][gc,heap      ] GC(12) Eden regions: 240->0(240)
[2019-10-11T13:21:59.904-0800][gc,heap      ] GC(12) Survivor regions: 16->16(32)
[2019-10-11T13:21:59.904-0800][gc,heap      ] GC(12) Old regions: 20->20
[2019-10-11T13:21:59.904-0800][gc,heap      ] GC(12) Archive regions: 2->2
[2019-10-11T13:21:59.904-0800][gc,heap      ] GC(12) Humongous regions: 4->4
[2019-10-11T13:21:59.904-0800][gc,metaspace ] GC(12) Metaspace: 65765K->65765K(1107968K)
[2019-10-11T13:21:59.904-0800][gc           ] GC(12) Pause Young (Normal) (G1 Evacuation Pause) 279M->39M(512M) 15.991ms
[2019-10-11T13:21:59.904-0800][gc,cpu       ] GC(12) User=0.07s Sys=0.00s Real=0.02s
[2019-10-11T13:50:48.575-0800][gc,start     ] GC(13) Pause Young (Normal) (G1 Evacuation Pause)
[2019-10-11T13:50:48.575-0800][gc,task      ] GC(13) Using 8 workers of 8 for evacuation
[2019-10-11T13:50:48.585-0800][gc,phases    ] GC(13)   Pre Evacuate Collection Set: 0.0ms
[2019-10-11T13:50:48.585-0800][gc,phases    ] GC(13)   Evacuate Collection Set: 8.1ms
[2019-10-11T13:50:48.585-0800][gc,phases    ] GC(13)   Post Evacuate Collection Set: 1.1ms
[2019-10-11T13:50:48.585-0800][gc,phases    ] GC(13)   Other: 0.7ms
[2019-10-11T13:50:48.585-0800][gc,heap      ] GC(13) Eden regions: 240->0(241)
[2019-10-11T13:50:48.585-0800][gc,heap      ] GC(13) Survivor regions: 16->15(32)
[2019-10-11T13:50:48.585-0800][gc,heap      ] GC(13) Old regions: 20->20
[2019-10-11T13:50:48.585-0800][gc,heap      ] GC(13) Archive regions: 2->2
[2019-10-11T13:50:48.585-0800][gc,heap      ] GC(13) Humongous regions: 4->4
[2019-10-11T13:50:48.585-0800][gc,metaspace ] GC(13) Metaspace: 65787K->65787K(1107968K)
[2019-10-11T13:50:48.585-0800][gc           ] GC(13) Pause Young (Normal) (G1 Evacuation Pause) 279M->39M(512M) 9.999ms
[2019-10-11T13:50:48.585-0800][gc,cpu       ] GC(13) User=0.06s Sys=0.00s Real=0.01s
[2019-10-11T14:19:15.654-0800][gc,start     ] GC(14) Pause Young (Normal) (G1 Evacuation Pause)
[2019-10-11T14:19:15.655-0800][gc,task      ] GC(14) Using 8 workers of 8 for evacuation
[2019-10-11T14:19:15.665-0800][gc,phases    ] GC(14)   Pre Evacuate Collection Set: 0.0ms
[2019-10-11T14:19:15.665-0800][gc,phases    ] GC(14)   Evacuate Collection Set: 8.7ms
[2019-10-11T14:19:15.665-0800][gc,phases    ] GC(14)   Post Evacuate Collection Set: 1.3ms
[2019-10-11T14:19:15.665-0800][gc,phases    ] GC(14)   Other: 0.8ms
[2019-10-11T14:19:15.665-0800][gc,heap      ] GC(14) Eden regions: 241->0(241)
[2019-10-11T14:19:15.665-0800][gc,heap      ] GC(14) Survivor regions: 15->15(32)
[2019-10-11T14:19:15.665-0800][gc,heap      ] GC(14) Old regions: 20->20
[2019-10-11T14:19:15.665-0800][gc,heap      ] GC(14) Archive regions: 2->2
[2019-10-11T14:19:15.665-0800][gc,heap      ] GC(14) Humongous regions: 4->4
[2019-10-11T14:19:15.665-0800][gc,metaspace ] GC(14) Metaspace: 65808K->65808K(1107968K)
[2019-10-11T14:19:15.665-0800][gc           ] GC(14) Pause Young (Normal) (G1 Evacuation Pause) 280M->39M(512M) 10.934ms
[2019-10-11T14:19:15.666-0800][gc,cpu       ] GC(14) User=0.06s Sys=0.00s Real=0.01s
[2019-10-11T14:48:22.491-0800][gc,start     ] GC(15) Pause Young (Normal) (G1 Evacuation Pause)
[2019-10-11T14:48:22.491-0800][gc,task      ] GC(15) Using 8 workers of 8 for evacuation
[2019-10-11T14:48:22.503-0800][gc,phases    ] GC(15)   Pre Evacuate Collection Set: 0.0ms
[2019-10-11T14:48:22.503-0800][gc,phases    ] GC(15)   Evacuate Collection Set: 10.6ms
[2019-10-11T14:48:22.503-0800][gc,phases    ] GC(15)   Post Evacuate Collection Set: 1.0ms
[2019-10-11T14:48:22.503-0800][gc,phases    ] GC(15)   Other: 0.7ms
[2019-10-11T14:48:22.503-0800][gc,heap      ] GC(15) Eden regions: 241->0(240)
[2019-10-11T14:48:22.503-0800][gc,heap      ] GC(15) Survivor regions: 15->16(32)
[2019-10-11T14:48:22.503-0800][gc,heap      ] GC(15) Old regions: 20->20
[2019-10-11T14:48:22.503-0800][gc,heap      ] GC(15) Archive regions: 2->2
[2019-10-11T14:48:22.503-0800][gc,heap      ] GC(15) Humongous regions: 4->4
[2019-10-11T14:48:22.503-0800][gc,metaspace ] GC(15) Metaspace: 65824K->65824K(1107968K)
[2019-10-11T14:48:22.503-0800][gc           ] GC(15) Pause Young (Normal) (G1 Evacuation Pause) 280M->40M(512M) 12.477ms
[2019-10-11T14:48:22.503-0800][gc,cpu       ] GC(15) User=0.07s Sys=0.01s Real=0.01s
[2019-10-11T15:17:14.536-0800][gc,start     ] GC(16) Pause Young (Normal) (G1 Evacuation Pause)
[2019-10-11T15:17:14.536-0800][gc,task      ] GC(16) Using 8 workers of 8 for evacuation
[2019-10-11T15:17:14.548-0800][gc,phases    ] GC(16)   Pre Evacuate Collection Set: 0.0ms
[2019-10-11T15:17:14.548-0800][gc,phases    ] GC(16)   Evacuate Collection Set: 10.5ms
[2019-10-11T15:17:14.548-0800][gc,phases    ] GC(16)   Post Evacuate Collection Set: 1.1ms
[2019-10-11T15:17:14.548-0800][gc,phases    ] GC(16)   Other: 0.8ms
[2019-10-11T15:17:14.548-0800][gc,heap      ] GC(16) Eden regions: 240->0(240)
[2019-10-11T15:17:14.548-0800][gc,heap      ] GC(16) Survivor regions: 16->16(32)
[2019-10-11T15:17:14.548-0800][gc,heap      ] GC(16) Old regions: 20->20
[2019-10-11T15:17:14.548-0800][gc,heap      ] GC(16) Archive regions: 2->2
[2019-10-11T15:17:14.548-0800][gc,heap      ] GC(16) Humongous regions: 4->4
[2019-10-11T15:17:14.548-0800][gc,metaspace ] GC(16) Metaspace: 65835K->65835K(1107968K)
[2019-10-11T15:17:14.549-0800][gc           ] GC(16) Pause Young (Normal) (G1 Evacuation Pause) 280M->39M(512M) 12.547ms
[2019-10-11T15:17:14.549-0800][gc,cpu       ] GC(16) User=0.07s Sys=0.01s Real=0.01s
[2019-10-11T15:46:14.428-0800][gc,start     ] GC(17) Pause Young (Normal) (G1 Evacuation Pause)
[2019-10-11T15:46:14.429-0800][gc,task      ] GC(17) Using 8 workers of 8 for evacuation
[2019-10-11T15:46:14.441-0800][gc,phases    ] GC(17)   Pre Evacuate Collection Set: 0.0ms
[2019-10-11T15:46:14.441-0800][gc,phases    ] GC(17)   Evacuate Collection Set: 11.5ms
[2019-10-11T15:46:14.441-0800][gc,phases    ] GC(17)   Post Evacuate Collection Set: 1.1ms
[2019-10-11T15:46:14.441-0800][gc,phases    ] GC(17)   Other: 0.6ms
[2019-10-11T15:46:14.441-0800][gc,heap      ] GC(17) Eden regions: 240->0(241)
[2019-10-11T15:46:14.441-0800][gc,heap      ] GC(17) Survivor regions: 16->15(32)
[2019-10-11T15:46:14.441-0800][gc,heap      ] GC(17) Old regions: 20->20
[2019-10-11T15:46:14.441-0800][gc,heap      ] GC(17) Archive regions: 2->2
[2019-10-11T15:46:14.441-0800][gc,heap      ] GC(17) Humongous regions: 4->4
[2019-10-11T15:46:14.441-0800][gc,metaspace ] GC(17) Metaspace: 65845K->65845K(1107968K)
[2019-10-11T15:46:14.442-0800][gc           ] GC(17) Pause Young (Normal) (G1 Evacuation Pause) 279M->39M(512M) 13.376ms
[2019-10-11T15:46:14.442-0800][gc,cpu       ] GC(17) User=0.06s Sys=0.00s Real=0.02s
[2019-10-11T16:15:01.374-0800][gc,start     ] GC(18) Pause Young (Normal) (G1 Evacuation Pause)
[2019-10-11T16:15:01.375-0800][gc,task      ] GC(18) Using 8 workers of 8 for evacuation
[2019-10-11T16:15:01.386-0800][gc,phases    ] GC(18)   Pre Evacuate Collection Set: 0.0ms
[2019-10-11T16:15:01.386-0800][gc,phases    ] GC(18)   Evacuate Collection Set: 9.6ms
[2019-10-11T16:15:01.386-0800][gc,phases    ] GC(18)   Post Evacuate Collection Set: 1.1ms
[2019-10-11T16:15:01.386-0800][gc,phases    ] GC(18)   Other: 0.9ms
[2019-10-11T16:15:01.386-0800][gc,heap      ] GC(18) Eden regions: 241->0(240)
[2019-10-11T16:15:01.386-0800][gc,heap      ] GC(18) Survivor regions: 15->16(32)
[2019-10-11T16:15:01.386-0800][gc,heap      ] GC(18) Old regions: 20->20
[2019-10-11T16:15:01.386-0800][gc,heap      ] GC(18) Archive regions: 2->2
[2019-10-11T16:15:01.386-0800][gc,heap      ] GC(18) Humongous regions: 4->4
[2019-10-11T16:15:01.386-0800][gc,metaspace ] GC(18) Metaspace: 65863K->65863K(1107968K)
[2019-10-11T16:15:01.386-0800][gc           ] GC(18) Pause Young (Normal) (G1 Evacuation Pause) 280M->39M(512M) 11.850ms
[2019-10-11T16:15:01.386-0800][gc,cpu       ] GC(18) User=0.07s Sys=0.00s Real=0.01s
[2019-10-11T16:57:55.782-0800][gc,start     ] GC(19) Pause Young (Normal) (G1 Evacuation Pause)
[2019-10-11T16:57:55.782-0800][gc,task      ] GC(19) Using 8 workers of 8 for evacuation
[2019-10-11T16:57:55.791-0800][gc,phases    ] GC(19)   Pre Evacuate Collection Set: 0.0ms
[2019-10-11T16:57:55.791-0800][gc,phases    ] GC(19)   Evacuate Collection Set: 7.0ms
[2019-10-11T16:57:55.791-0800][gc,phases    ] GC(19)   Post Evacuate Collection Set: 1.0ms
[2019-10-11T16:57:55.791-0800][gc,phases    ] GC(19)   Other: 0.5ms
[2019-10-11T16:57:55.791-0800][gc,heap      ] GC(19) Eden regions: 240->0(240)
[2019-10-11T16:57:55.791-0800][gc,heap      ] GC(19) Survivor regions: 16->16(32)
[2019-10-11T16:57:55.791-0800][gc,heap      ] GC(19) Old regions: 20->20
[2019-10-11T16:57:55.791-0800][gc,heap      ] GC(19) Archive regions: 2->2
[2019-10-11T16:57:55.791-0800][gc,heap      ] GC(19) Humongous regions: 4->4
[2019-10-11T16:57:55.791-0800][gc,metaspace ] GC(19) Metaspace: 65958K->65958K(1110016K)
[2019-10-11T16:57:55.791-0800][gc           ] GC(19) Pause Young (Normal) (G1 Evacuation Pause) 279M->40M(512M) 8.671ms
[2019-10-11T16:57:55.791-0800][gc,cpu       ] GC(19) User=0.06s Sys=0.00s Real=0.01s
[2019-10-11T19:46:33.138-0800][gc,start     ] GC(20) Pause Young (Normal) (G1 Evacuation Pause)
[2019-10-11T19:46:33.138-0800][gc,task      ] GC(20) Using 8 workers of 8 for evacuation
[2019-10-11T19:46:33.150-0800][gc,phases    ] GC(20)   Pre Evacuate Collection Set: 0.0ms
[2019-10-11T19:46:33.150-0800][gc,phases    ] GC(20)   Evacuate Collection Set: 10.7ms
[2019-10-11T19:46:33.150-0800][gc,phases    ] GC(20)   Post Evacuate Collection Set: 1.2ms
[2019-10-11T19:46:33.150-0800][gc,phases    ] GC(20)   Other: 0.4ms
[2019-10-11T19:46:33.150-0800][gc,heap      ] GC(20) Eden regions: 240->0(240)
[2019-10-11T19:46:33.150-0800][gc,heap      ] GC(20) Survivor regions: 16->16(32)
[2019-10-11T19:46:33.150-0800][gc,heap      ] GC(20) Old regions: 20->20
[2019-10-11T19:46:33.150-0800][gc,heap      ] GC(20) Archive regions: 2->2
[2019-10-11T19:46:33.150-0800][gc,heap      ] GC(20) Humongous regions: 4->4
[2019-10-11T19:46:33.150-0800][gc,metaspace ] GC(20) Metaspace: 66014K->66014K(1110016K)
[2019-10-11T19:46:33.150-0800][gc           ] GC(20) Pause Young (Normal) (G1 Evacuation Pause) 280M->39M(512M) 12.422ms
[2019-10-11T19:46:33.150-0800][gc,cpu       ] GC(20) User=0.09s Sys=0.00s Real=0.02s
[2019-10-11T22:39:24.438-0800][gc,start     ] GC(21) Pause Young (Normal) (G1 Evacuation Pause)
[2019-10-11T22:39:24.438-0800][gc,task      ] GC(21) Using 8 workers of 8 for evacuation
[2019-10-11T22:39:24.448-0800][gc,phases    ] GC(21)   Pre Evacuate Collection Set: 0.0ms
[2019-10-11T22:39:24.448-0800][gc,phases    ] GC(21)   Evacuate Collection Set: 9.2ms
[2019-10-11T22:39:24.448-0800][gc,phases    ] GC(21)   Post Evacuate Collection Set: 1.0ms
[2019-10-11T22:39:24.448-0800][gc,phases    ] GC(21)   Other: 0.4ms
[2019-10-11T22:39:24.448-0800][gc,heap      ] GC(21) Eden regions: 240->0(241)
[2019-10-11T22:39:24.448-0800][gc,heap      ] GC(21) Survivor regions: 16->15(32)
[2019-10-11T22:39:24.448-0800][gc,heap      ] GC(21) Old regions: 20->20
[2019-10-11T22:39:24.448-0800][gc,heap      ] GC(21) Archive regions: 2->2
[2019-10-11T22:39:24.448-0800][gc,heap      ] GC(21) Humongous regions: 4->4
[2019-10-11T22:39:24.448-0800][gc,metaspace ] GC(21) Metaspace: 66061K->66061K(1110016K)
[2019-10-11T22:39:24.448-0800][gc           ] GC(21) Pause Young (Normal) (G1 Evacuation Pause) 279M->39M(512M) 10.694ms
[2019-10-11T22:39:24.448-0800][gc,cpu       ] GC(21) User=0.08s Sys=0.00s Real=0.01s
[2019-10-12T01:33:20.302-0800][gc,start     ] GC(22) Pause Young (Normal) (G1 Evacuation Pause)
[2019-10-12T01:33:20.302-0800][gc,task      ] GC(22) Using 8 workers of 8 for evacuation
[2019-10-12T01:33:20.316-0800][gc,phases    ] GC(22)   Pre Evacuate Collection Set: 0.0ms
[2019-10-12T01:33:20.316-0800][gc,phases    ] GC(22)   Evacuate Collection Set: 12.3ms
[2019-10-12T01:33:20.316-0800][gc,phases    ] GC(22)   Post Evacuate Collection Set: 1.1ms
[2019-10-12T01:33:20.316-0800][gc,phases    ] GC(22)   Other: 0.4ms
[2019-10-12T01:33:20.316-0800][gc,heap      ] GC(22) Eden regions: 241->0(247)
[2019-10-12T01:33:20.316-0800][gc,heap      ] GC(22) Survivor regions: 15->9(32)
[2019-10-12T01:33:20.316-0800][gc,heap      ] GC(22) Old regions: 20->27
[2019-10-12T01:33:20.316-0800][gc,heap      ] GC(22) Archive regions: 2->2
[2019-10-12T01:33:20.316-0800][gc,heap      ] GC(22) Humongous regions: 4->4
[2019-10-12T01:33:20.316-0800][gc,metaspace ] GC(22) Metaspace: 66139K->66139K(1110016K)
[2019-10-12T01:33:20.316-0800][gc           ] GC(22) Pause Young (Normal) (G1 Evacuation Pause) 280M->40M(512M) 13.972ms
[2019-10-12T01:33:20.316-0800][gc,cpu       ] GC(22) User=0.09s Sys=0.01s Real=0.01s
[2019-10-12T04:32:13.650-0800][gc,start     ] GC(23) Pause Young (Normal) (G1 Evacuation Pause)
[2019-10-12T04:32:13.651-0800][gc,task      ] GC(23) Using 8 workers of 8 for evacuation
[2019-10-12T04:32:13.660-0800][gc,phases    ] GC(23)   Pre Evacuate Collection Set: 0.0ms
[2019-10-12T04:32:13.660-0800][gc,phases    ] GC(23)   Evacuate Collection Set: 7.9ms
[2019-10-12T04:32:13.660-0800][gc,phases    ] GC(23)   Post Evacuate Collection Set: 0.8ms
[2019-10-12T04:32:13.660-0800][gc,phases    ] GC(23)   Other: 0.4ms
[2019-10-12T04:32:13.660-0800][gc,heap      ] GC(23) Eden regions: 247->0(251)
[2019-10-12T04:32:13.660-0800][gc,heap      ] GC(23) Survivor regions: 9->5(32)
[2019-10-12T04:32:13.660-0800][gc,heap      ] GC(23) Old regions: 27->31
[2019-10-12T04:32:13.660-0800][gc,heap      ] GC(23) Archive regions: 2->2
[2019-10-12T04:32:13.660-0800][gc,heap      ] GC(23) Humongous regions: 4->4
[2019-10-12T04:32:13.660-0800][gc,metaspace ] GC(23) Metaspace: 66155K->66155K(1110016K)
[2019-10-12T04:32:13.660-0800][gc           ] GC(23) Pause Young (Normal) (G1 Evacuation Pause) 287M->39M(512M) 9.305ms
[2019-10-12T04:32:13.660-0800][gc,cpu       ] GC(23) User=0.05s Sys=0.00s Real=0.01s
[2019-10-12T07:33:27.697-0800][gc,start     ] GC(24) Pause Young (Normal) (G1 Evacuation Pause)
[2019-10-12T07:33:27.697-0800][gc,task      ] GC(24) Using 8 workers of 8 for evacuation
[2019-10-12T07:33:27.704-0800][gc,phases    ] GC(24)   Pre Evacuate Collection Set: 0.0ms
[2019-10-12T07:33:27.704-0800][gc,phases    ] GC(24)   Evacuate Collection Set: 5.8ms
[2019-10-12T07:33:27.704-0800][gc,phases    ] GC(24)   Post Evacuate Collection Set: 0.7ms
[2019-10-12T07:33:27.704-0800][gc,phases    ] GC(24)   Other: 0.5ms
[2019-10-12T07:33:27.704-0800][gc,heap      ] GC(24) Eden regions: 251->0(254)
[2019-10-12T07:33:27.704-0800][gc,heap      ] GC(24) Survivor regions: 5->2(32)
[2019-10-12T07:33:27.704-0800][gc,heap      ] GC(24) Old regions: 31->34
[2019-10-12T07:33:27.704-0800][gc,heap      ] GC(24) Archive regions: 2->2
[2019-10-12T07:33:27.704-0800][gc,heap      ] GC(24) Humongous regions: 4->4
[2019-10-12T07:33:27.704-0800][gc,metaspace ] GC(24) Metaspace: 66186K->66186K(1110016K)
[2019-10-12T07:33:27.704-0800][gc           ] GC(24) Pause Young (Normal) (G1 Evacuation Pause) 290M->40M(512M) 7.100ms
[2019-10-12T07:33:27.704-0800][gc,cpu       ] GC(24) User=0.04s Sys=0.00s Real=0.01s
[2019-10-12T09:07:52.606-0800][gc,heap,exit ] Heap
[2019-10-12T09:07:52.606-0800][gc,heap,exit ]  garbage-first heap   total 524288K, used 177184K [0x00000007e0000000, 0x0000000800000000)
[2019-10-12T09:07:52.606-0800][gc,heap,exit ]   region size 1024K, 136 young (139264K), 2 survivors (2048K)
[2019-10-12T09:07:52.606-0800][gc,heap,exit ]  Metaspace       used 66487K, capacity 68360K, committed 68684K, reserved 1110016K
[2019-10-12T09:07:52.606-0800][gc,heap,exit ]   class space    used 7627K, capacity 8508K, committed 8524K, reserved 1048576K
